Archive member included to satisfy reference by file (symbol)

/home/kevencastro7/Ac6/SystemWorkbench/plugins/fr.ac6.mcu.externaltools.arm-none.linux64_1.16.0.201807130628/tools/compiler/bin/../lib/gcc/arm-none-eabi/7.2.1/../../../../arm-none-eabi/lib/thumb/v7e-m/fpv4-sp/hard/libc.a(lib_a-errno.o)
                              src/syscalls.o (__errno)
/home/kevencastro7/Ac6/SystemWorkbench/plugins/fr.ac6.mcu.externaltools.arm-none.linux64_1.16.0.201807130628/tools/compiler/bin/../lib/gcc/arm-none-eabi/7.2.1/../../../../arm-none-eabi/lib/thumb/v7e-m/fpv4-sp/hard/libc.a(lib_a-exit.o)
                              /home/kevencastro7/Ac6/SystemWorkbench/plugins/fr.ac6.mcu.externaltools.arm-none.linux64_1.16.0.201807130628/tools/compiler/bin/../lib/gcc/arm-none-eabi/7.2.1/../../../../arm-none-eabi/lib/thumb/v7e-m/fpv4-sp/hard/crt0.o (exit)
/home/kevencastro7/Ac6/SystemWorkbench/plugins/fr.ac6.mcu.externaltools.arm-none.linux64_1.16.0.201807130628/tools/compiler/bin/../lib/gcc/arm-none-eabi/7.2.1/../../../../arm-none-eabi/lib/thumb/v7e-m/fpv4-sp/hard/libc.a(lib_a-impure.o)
                              /home/kevencastro7/Ac6/SystemWorkbench/plugins/fr.ac6.mcu.externaltools.arm-none.linux64_1.16.0.201807130628/tools/compiler/bin/../lib/gcc/arm-none-eabi/7.2.1/../../../../arm-none-eabi/lib/thumb/v7e-m/fpv4-sp/hard/libc.a(lib_a-exit.o) (_global_impure_ptr)
/home/kevencastro7/Ac6/SystemWorkbench/plugins/fr.ac6.mcu.externaltools.arm-none.linux64_1.16.0.201807130628/tools/compiler/bin/../lib/gcc/arm-none-eabi/7.2.1/../../../../arm-none-eabi/lib/thumb/v7e-m/fpv4-sp/hard/libc.a(lib_a-init.o)
                              /home/kevencastro7/Ac6/SystemWorkbench/plugins/fr.ac6.mcu.externaltools.arm-none.linux64_1.16.0.201807130628/tools/compiler/bin/../lib/gcc/arm-none-eabi/7.2.1/../../../../arm-none-eabi/lib/thumb/v7e-m/fpv4-sp/hard/crt0.o (__libc_init_array)
/home/kevencastro7/Ac6/SystemWorkbench/plugins/fr.ac6.mcu.externaltools.arm-none.linux64_1.16.0.201807130628/tools/compiler/bin/../lib/gcc/arm-none-eabi/7.2.1/../../../../arm-none-eabi/lib/thumb/v7e-m/fpv4-sp/hard/libc.a(lib_a-memset.o)
                              /home/kevencastro7/Ac6/SystemWorkbench/plugins/fr.ac6.mcu.externaltools.arm-none.linux64_1.16.0.201807130628/tools/compiler/bin/../lib/gcc/arm-none-eabi/7.2.1/../../../../arm-none-eabi/lib/thumb/v7e-m/fpv4-sp/hard/crt0.o (memset)
/home/kevencastro7/Ac6/SystemWorkbench/plugins/fr.ac6.mcu.externaltools.arm-none.linux64_1.16.0.201807130628/tools/compiler/bin/../lib/gcc/arm-none-eabi/7.2.1/../../../../arm-none-eabi/lib/thumb/v7e-m/fpv4-sp/hard/libc.a(lib_a-sprintf.o)
                              utils/debug.o (sprintf)
/home/kevencastro7/Ac6/SystemWorkbench/plugins/fr.ac6.mcu.externaltools.arm-none.linux64_1.16.0.201807130628/tools/compiler/bin/../lib/gcc/arm-none-eabi/7.2.1/../../../../arm-none-eabi/lib/thumb/v7e-m/fpv4-sp/hard/libc.a(lib_a-svfprintf.o)
                              /home/kevencastro7/Ac6/SystemWorkbench/plugins/fr.ac6.mcu.externaltools.arm-none.linux64_1.16.0.201807130628/tools/compiler/bin/../lib/gcc/arm-none-eabi/7.2.1/../../../../arm-none-eabi/lib/thumb/v7e-m/fpv4-sp/hard/libc.a(lib_a-sprintf.o) (_svfprintf_r)
/home/kevencastro7/Ac6/SystemWorkbench/plugins/fr.ac6.mcu.externaltools.arm-none.linux64_1.16.0.201807130628/tools/compiler/bin/../lib/gcc/arm-none-eabi/7.2.1/../../../../arm-none-eabi/lib/thumb/v7e-m/fpv4-sp/hard/libc.a(lib_a-__call_atexit.o)
                              /home/kevencastro7/Ac6/SystemWorkbench/plugins/fr.ac6.mcu.externaltools.arm-none.linux64_1.16.0.201807130628/tools/compiler/bin/../lib/gcc/arm-none-eabi/7.2.1/../../../../arm-none-eabi/lib/thumb/v7e-m/fpv4-sp/hard/libc.a(lib_a-exit.o) (__call_exitprocs)
/home/kevencastro7/Ac6/SystemWorkbench/plugins/fr.ac6.mcu.externaltools.arm-none.linux64_1.16.0.201807130628/tools/compiler/bin/../lib/gcc/arm-none-eabi/7.2.1/../../../../arm-none-eabi/lib/thumb/v7e-m/fpv4-sp/hard/libc.a(lib_a-atexit.o)
                              /home/kevencastro7/Ac6/SystemWorkbench/plugins/fr.ac6.mcu.externaltools.arm-none.linux64_1.16.0.201807130628/tools/compiler/bin/../lib/gcc/arm-none-eabi/7.2.1/../../../../arm-none-eabi/lib/thumb/v7e-m/fpv4-sp/hard/libc.a(lib_a-__call_atexit.o) (atexit)
/home/kevencastro7/Ac6/SystemWorkbench/plugins/fr.ac6.mcu.externaltools.arm-none.linux64_1.16.0.201807130628/tools/compiler/bin/../lib/gcc/arm-none-eabi/7.2.1/../../../../arm-none-eabi/lib/thumb/v7e-m/fpv4-sp/hard/libc.a(lib_a-dtoa.o)
                              /home/kevencastro7/Ac6/SystemWorkbench/plugins/fr.ac6.mcu.externaltools.arm-none.linux64_1.16.0.201807130628/tools/compiler/bin/../lib/gcc/arm-none-eabi/7.2.1/../../../../arm-none-eabi/lib/thumb/v7e-m/fpv4-sp/hard/libc.a(lib_a-svfprintf.o) (_dtoa_r)
/home/kevencastro7/Ac6/SystemWorkbench/plugins/fr.ac6.mcu.externaltools.arm-none.linux64_1.16.0.201807130628/tools/compiler/bin/../lib/gcc/arm-none-eabi/7.2.1/../../../../arm-none-eabi/lib/thumb/v7e-m/fpv4-sp/hard/libc.a(lib_a-fini.o)
[...]
Memory Configuration

Name             Origin             Length             Attributes
FLASH            0x0000000008000000 0x0000000000100000 xr
RAM              0x0000000020000000 0x0000000000030000 xrw
MEMORY_B1        0x0000000060000000 0x0000000000000000 xr
*default*        0x0000000000000000 0xffffffffffffffff

Linker script and memory map

LOAD /home/kevencastro7/Ac6/SystemWorkbench/plugins/fr.ac6.mcu.externaltools.arm-none.linux64_1.16.0.201807130628/tools/compiler/bin/../lib/gcc/arm-none-eabi/7.2.1/thumb/v7e-m/fpv4-sp/hard/crti.o
LOAD /home/kevencastro7/Ac6/SystemWorkbench/plugins/fr.ac6.mcu.externaltools.arm-none.linux64_1.16.0.201807130628/tools/compiler/bin/../lib/gcc/arm-none-eabi/7.2.1/thumb/v7e-m/fpv4-sp/hard/crtbegin.o
LOAD /home/kevencastro7/Ac6/SystemWorkbench/plugins/fr.ac6.mcu.externaltools.arm-none.linux64_1.16.0.201807130628/tools/compiler/bin/../lib/gcc/arm-none-eabi/7.2.1/../../../../arm-none-eabi/lib/thumb/v7e-m/fpv4-sp/hard/crt0.o
LOAD StdPeriph_Driver/src/misc.o
LOAD StdPeriph_Driver/src/stm32f4xx_adc.o
LOAD StdPeriph_Driver/src/stm32f4xx_can.o
LOAD StdPeriph_Driver/src/stm32f4xx_crc.o
LOAD StdPeriph_Driver/src/stm32f4xx_cryp.o
LOAD StdPeriph_Driver/src/stm32f4xx_cryp_aes.o
LOAD StdPeriph_Driver/src/stm32f4xx_cryp_des.o
LOAD StdPeriph_Driver/src/stm32f4xx_cryp_tdes.o
LOAD StdPeriph_Driver/src/stm32f4xx_dac.o
LOAD StdPeriph_Driver/src/stm32f4xx_dbgmcu.o
LOAD StdPeriph_Driver/src/stm32f4xx_dcmi.o
LOAD StdPeriph_Driver/src/stm32f4xx_dma.o
LOAD StdPeriph_Driver/src/stm32f4xx_exti.o
LOAD StdPeriph_Driver/src/stm32f4xx_flash.o
LOAD StdPeriph_Driver/src/stm32f4xx_fsmc.o
LOAD StdPeriph_Driver/src/stm32f4xx_gpio.o
LOAD StdPeriph_Driver/src/stm32f4xx_hash.o
LOAD StdPeriph_Driver/src/stm32f4xx_hash_md5.o
LOAD StdPeriph_Driver/src/stm32f4xx_hash_sha1.o
LOAD StdPeriph_Driver/src/stm32f4xx_i2c.o
LOAD StdPeriph_Driver/src/stm32f4xx_iwdg.o
LOAD StdPeriph_Driver/src/stm32f4xx_pwr.o
LOAD StdPeriph_Driver/src/stm32f4xx_rcc.o
LOAD StdPeriph_Driver/src/stm32f4xx_rng.o
LOAD StdPeriph_Driver/src/stm32f4xx_rtc.o
LOAD StdPeriph_Driver/src/stm32f4xx_sdio.o
LOAD StdPeriph_Driver/src/stm32f4xx_spi.o
LOAD StdPeriph_Driver/src/stm32f4xx_syscfg.o
LOAD StdPeriph_Driver/src/stm32f4xx_tim.o
LOAD StdPeriph_Driver/src/stm32f4xx_usart.o
LOAD StdPeriph_Driver/src/stm32f4xx_wwdg.o
LOAD Utilities/stm32f4_discovery.o
LOAD Utilities/stm32f4_discovery_lis302dl.o
LOAD src/main.o
LOAD src/syscalls.o
LOAD src/system_stm32f4xx.o
LOAD startup/startup_stm32f4xx.o
LOAD utils/adc.o
LOAD utils/debug.o
LOAD utils/led.o
LOAD utils/port.o
LOAD /home/kevencastro7/Ac6/SystemWorkbench/plugins/fr.ac6.mcu.externaltools.arm-none.linux64_1.16.0.201807130628/tools/compiler/bin/../lib/gcc/arm-none-eabi/7.2.1/../../../../arm-none-eabi/lib/thumb/v7e-m/fpv4-sp/hard/libm.a
START GROUP
LOAD /home/kevencastro7/Ac6/SystemWorkbench/plugins/fr.ac6.mcu.externaltools.arm-none.linux64_1.16.0.201807130628/tools/compiler/bin/../lib/gcc/arm-none-eabi/7.2.1/thumb/v7e-m/fpv4-sp/hard/libgcc.a
LOAD /home/kevencastro7/Ac6/SystemWorkbench/plugins/fr.ac6.mcu.externaltools.arm-none.linux64_1.16.0.201807130628/tools/compiler/bin/../lib/gcc/arm-none-eabi/7.2.1/../../../../arm-none-eabi/lib/thumb/v7e-m/fpv4-sp/hard/libc.a
END GROUP
LOAD /home/kevencastro7/Ac6/SystemWorkbench/plugins/fr.ac6.mcu.externaltools.arm-none.linux64_1.16.0.201807130628/tools/compiler/bin/../lib/gcc/arm-none-eabi/7.2.1/thumb/v7e-m/fpv4-sp/hard/crtend.o
LOAD /home/kevencastro7/Ac6/SystemWorkbench/plugins/fr.ac6.mcu.externaltools.arm-none.linux64_1.16.0.201807130628/tools/compiler/bin/../lib/gcc/arm-none-eabi/7.2.1/thumb/v7e-m/fpv4-sp/hard/crtn.o
                0x0000000020020000                _estack = 0x20020000
                0x0000000000000000                _Min_Heap_Size = 0x0
                0x0000000000000400                _Min_Stack_Size = 0x400

.isr_vector     0x0000000008000000      0x188
                0x0000000008000000                . = ALIGN (0x4)
 *(.isr_vector)
 .isr_vector    0x0000000008000000      0x188 startup/startup_stm32f4xx.o
                0x0000000008000000                g_pfnVectors
                0x0000000008000188                . = ALIGN (0x4)

.text           0x00000000080001c0     0x5b08
                0x00000000080001c0                . = ALIGN (0x4)
 *(.text)
 .text          0x00000000080001c0       0x40 /home/kevencastro7/Ac6/SystemWorkbench/plugins/fr.ac6.mcu.externaltools.arm-none.linux64_1.16.0.201807130628/tools/compiler/bin/../lib/gcc/arm-none-eabi/7.2.1/thumb/v7e-m/fpv4-sp/hard/crtbegin.o
 .text          0x0000000008000200       0xa0 /home/kevencastro7/Ac6/SystemWorkbench/plugins/fr.ac6.mcu.externaltools.arm-none.linux64_1.16.0.201807130628/tools/compiler/bin/../lib/gcc/arm-none-eabi/7.2.1/../../../../arm-none-eabi/lib/thumb/v7e-m/fpv4-sp/hard/libc.a(lib_a-memchr.o)
                0x0000000008000200                memchr
 .text          0x00000000080002a0      0x134 /home/kevencastro7/Ac6/SystemWorkbench/plugins/fr.ac6.mcu.externaltools.arm-none.linux64_1.16.0.201807130628/tools/compiler/bin/../lib/gcc/arm-none-eabi/7.2.1/../../../../arm-none-eabi/lib/thumb/v7e-m/fpv4-sp/hard/libc.a(lib_a-memcpy.o)
                0x00000000080002a0                memcpy
 *fill*         0x00000000080003d4       0x2c 
 .text          0x0000000008000400       0xdc /home/kevencastro7/Ac6/SystemWorkbench/plugins/fr.ac6.mcu.externaltools.arm-none.linux64_1.16.0.201807130628/tools/compiler/bin/../lib/gcc/arm-none-eabi/7.2.1/../../../../arm-none-eabi/lib/thumb/v7e-m/fpv4-sp/hard/libc.a(lib_a-strlen.o)
                0x0000000008000400                strlen
 .text          0x00000000080004dc      0x378 /home/kevencastro7/Ac6/SystemWorkbench/plugins/fr.ac6.mcu.externaltools.arm-none.linux64_1.16.0.201807130628/tools/compiler/bin/../lib/gcc/arm-none-eabi/7.2.1/thumb/v7e-m/fpv4-sp/hard/libgcc.a(_arm_addsubdf3.o)
                0x00000000080004dc                __aeabi_drsub
                0x00000000080004e4                __aeabi_dsub
                0x00000000080004e4                __subdf3
                0x00000000080004e8                __adddf3
                0x00000000080004e8                __aeabi_dadd
                0x0000000008000760                __aeabi_ui2d
                0x0000000008000760                __floatunsidf
                0x0000000008000780                __floatsidf
                0x0000000008000780                __aeabi_i2d
                0x00000000080007a4                __extendsfdf2
                0x00000000080007a4                __aeabi_f2d
                0x00000000080007e8                __aeabi_ul2d
                0x00000000080007e8                __floatundidf
                0x00000000080007f8                __floatdidf
                0x00000000080007f8                __aeabi_l2d
 .text          0x0000000008000854      0x424 /home/kevencastro7/Ac6/SystemWorkbench/plugins/fr.ac6.mcu.externaltools.arm-none.linux64_1.16.0.201807130628/tools/compiler/bin/../lib/gcc/arm-none-eabi/7.2.1/thumb/v7e-m/fpv4-sp/hard/libgcc.a(_arm_muldivdf3.o)
                0x0000000008000854                __aeabi_dmul
                0x0000000008000854                __muldf3
                0x0000000008000aa8                __aeabi_ddiv
                0x0000000008000aa8                __divdf3
 .text          0x0000000008000c78      0x110 /home/kevencastro7/Ac6/SystemWorkbench/plugins/fr.ac6.mcu.externaltools.arm-none.linux64_1.16.0.201807130628/tools/compiler/bin/../lib/gcc/arm-none-eabi/7.2.1/thumb/v7e-m/fpv4-sp/hard/libgcc.a(_arm_cmpdf2.o)
                0x0000000008000c78                __gtdf2
                0x0000000008000c78                __gedf2
                0x0000000008000c80                __ltdf2
                0x0000000008000c80                __ledf2
                0x0000000008000c88                __cmpdf2
                0x0000000008000c88                __eqdf2
                0x0000000008000c88                __nedf2
                0x0000000008000d04                __aeabi_cdrcmple
                0x0000000008000d14                __aeabi_cdcmple
                0x0000000008000d14                __aeabi_cdcmpeq
                0x0000000008000d24                __aeabi_dcmpeq
                0x0000000008000d38                __aeabi_dcmplt
                0x0000000008000d4c                __aeabi_dcmple
                0x0000000008000d60                __aeabi_dcmpge
                0x0000000008000d74                __aeabi_dcmpgt
 .text          0x0000000008000d88       0x2c /home/kevencastro7/Ac6/SystemWorkbench/plugins/fr.ac6.mcu.externaltools.arm-none.linux64_1.16.0.201807130628/tools/compiler/bin/../lib/gcc/arm-none-eabi/7.2.1/thumb/v7e-m/fpv4-sp/hard/libgcc.a(_arm_unorddf2.o)
                0x0000000008000d88                __aeabi_dcmpun
                0x0000000008000d88                __unorddf2
 .text          0x0000000008000db4       0x50 /home/kevencastro7/Ac6/SystemWorkbench/plugins/fr.ac6.mcu.externaltools.arm-none.linux64_1.16.0.201807130628/tools/compiler/bin/../lib/gcc/arm-none-eabi/7.2.1/thumb/v7e-m/fpv4-sp/hard/libgcc.a(_arm_fixdfsi.o)
                0x0000000008000db4                __fixdfsi
                0x0000000008000db4                __aeabi_d2iz
 .text          0x0000000008000e04       0x30 /home/kevencastro7/Ac6/SystemWorkbench/plugins/fr.ac6.mcu.externaltools.arm-none.linux64_1.16.0.201807130628/tools/compiler/bin/../lib/gcc/arm-none-eabi/7.2.1/thumb/v7e-m/fpv4-sp/hard/libgcc.a(_aeabi_uldivmod.o)
                0x0000000008000e04                __aeabi_uldivmod
 .text          0x0000000008000e34      0x2cc /home/kevencastro7/Ac6/SystemWorkbench/plugins/fr.ac6.mcu.externaltools.arm-none.linux64_1.16.0.201807130628/tools/compiler/bin/../lib/gcc/arm-none-eabi/7.2.1/thumb/v7e-m/fpv4-sp/hard/libgcc.a(_udivmoddi4.o)
                0x0000000008000e34                __udivmoddi4
 .text          0x0000000008001100        0x4 /home/kevencastro7/Ac6/SystemWorkbench/plugins/fr.ac6.mcu.externaltools.arm-none.linux64_1.16.0.201807130628/tools/compiler/bin/../lib/gcc/arm-none-eabi/7.2.1/thumb/v7e-m/fpv4-sp/hard/libgcc.a(_dvmd_tls.o)
                0x0000000008001100                __aeabi_ldiv0
                0x0000000008001100                __aeabi_idiv0
 *(.text*)
 .text.ADC_DeInit
                0x0000000008001104       0x1c StdPeriph_Driver/src/stm32f4xx_adc.o
                0x0000000008001104                ADC_DeInit
 .text.ADC_Init
                0x0000000008001120       0xac StdPeriph_Driver/src/stm32f4xx_adc.o
                0x0000000008001120                ADC_Init
 .text.ADC_Cmd  0x00000000080011cc       0x38 StdPeriph_Driver/src/stm32f4xx_adc.o
                0x00000000080011cc                ADC_Cmd
 .text.ADC_RegularChannelConfig
                0x0000000008001204      0x194 StdPeriph_Driver/src/stm32f4xx_adc.o
                0x0000000008001204                ADC_RegularChannelConfig
 .text.ADC_SoftwareStartConv
                0x0000000008001398       0x20 StdPeriph_Driver/src/stm32f4xx_adc.o
                0x0000000008001398                ADC_SoftwareStartConv
 .text.ADC_GetConversionValue
                0x00000000080013b8       0x1a StdPeriph_Driver/src/stm32f4xx_adc.o
                0x00000000080013b8                ADC_GetConversionValue
 .text.ADC_GetFlagStatus
                0x00000000080013d2       0x34 StdPeriph_Driver/src/stm32f4xx_adc.o
                0x00000000080013d2                ADC_GetFlagStatus
 .text.GPIO_Init
                0x0000000008001406      0x11c StdPeriph_Driver/src/stm32f4xx_gpio.o
                0x0000000008001406                GPIO_Init
 .text.GPIO_WriteBit
                0x0000000008001522       0x30 StdPeriph_Driver/src/stm32f4xx_gpio.o
                0x0000000008001522                GPIO_WriteBit
 .text.GPIO_PinAFConfig
                0x0000000008001552       0x92 StdPeriph_Driver/src/stm32f4xx_gpio.o
                0x0000000008001552                GPIO_PinAFConfig
 .text.RCC_GetClocksFreq
                0x00000000080015e4      0x150 StdPeriph_Driver/src/stm32f4xx_rcc.o
                0x00000000080015e4                RCC_GetClocksFreq
 .text.RCC_AHB1PeriphClockCmd
                0x0000000008001734       0x40 StdPeriph_Driver/src/stm32f4xx_rcc.o
                0x0000000008001734                RCC_AHB1PeriphClockCmd
 .text.RCC_APB2PeriphClockCmd
                0x0000000008001774       0x40 StdPeriph_Driver/src/stm32f4xx_rcc.o
                0x0000000008001774                RCC_APB2PeriphClockCmd
 .text.RCC_APB2PeriphResetCmd
                0x00000000080017b4       0x40 StdPeriph_Driver/src/stm32f4xx_rcc.o
                0x00000000080017b4                RCC_APB2PeriphResetCmd
 .text.USART_Init
                0x00000000080017f4      0x174 StdPeriph_Driver/src/stm32f4xx_usart.o
                0x00000000080017f4                USART_Init
 .text.USART_Cmd
                0x0000000008001968       0x40 StdPeriph_Driver/src/stm32f4xx_usart.o
                0x0000000008001968                USART_Cmd
 .text.USART_SendData
                0x00000000080019a8       0x24 StdPeriph_Driver/src/stm32f4xx_usart.o
                0x00000000080019a8                USART_SendData
 .text.USART_ReceiveData
                0x00000000080019cc       0x20 StdPeriph_Driver/src/stm32f4xx_usart.o
                0x00000000080019cc                USART_ReceiveData
 .text.USART_GetFlagStatus
                0x00000000080019ec       0x38 StdPeriph_Driver/src/stm32f4xx_usart.o
                0x00000000080019ec                USART_GetFlagStatus
 .text.main     0x0000000008001a24       0x74 src/main.o
                0x0000000008001a24                main
 .text._sbrk    0x0000000008001a98       0x58 src/syscalls.o
                0x0000000008001a98                _sbrk
 .text.SystemInit
                0x0000000008001af0       0x6c src/system_stm32f4xx.o
                0x0000000008001af0                SystemInit
 .text.SetSysClock
                0x0000000008001b5c      0x128 src/system_stm32f4xx.o
 .text.Reset_Handler
                0x0000000008001c84       0x48 startup/startup_stm32f4xx.o
                0x0000000008001c84                Reset_Handler
 .text.Default_Handler
                0x0000000008001ccc        0x2 startup/startup_stm32f4xx.o
                0x0000000008001ccc                RTC_Alarm_IRQHandler
                0x0000000008001ccc                HASH_RNG_IRQHandler
                0x0000000008001ccc                EXTI2_IRQHandler
                0x0000000008001ccc                TIM8_CC_IRQHandler
                0x0000000008001ccc                DebugMon_Handler
                0x0000000008001ccc                TIM1_CC_IRQHandler
                0x0000000008001ccc                DMA2_Stream5_IRQHandler
                0x0000000008001ccc                HardFault_Handler
                0x0000000008001ccc                DMA1_Stream5_IRQHandler
                0x0000000008001ccc                PVD_IRQHandler
                0x0000000008001ccc                SDIO_IRQHandler
                0x0000000008001ccc                TAMP_STAMP_IRQHandler
                0x0000000008001ccc                PendSV_Handler
                0x0000000008001ccc                NMI_Handler
                0x0000000008001ccc                CAN2_RX1_IRQHandler
                0x0000000008001ccc                EXTI3_IRQHandler
                0x0000000008001ccc                TIM8_TRG_COM_TIM14_IRQHandler
                0x0000000008001ccc                TIM1_UP_TIM10_IRQHandler
                0x0000000008001ccc                TIM8_UP_TIM13_IRQHandler
                0x0000000008001ccc                I2C3_ER_IRQHandler
                0x0000000008001ccc                EXTI0_IRQHandler
                0x0000000008001ccc                I2C2_EV_IRQHandler
                0x0000000008001ccc                DMA1_Stream2_IRQHandler
                0x0000000008001ccc                CAN1_RX0_IRQHandler
                0x0000000008001ccc                FPU_IRQHandler
                0x0000000008001ccc                OTG_HS_WKUP_IRQHandler
                0x0000000008001ccc                UsageFault_Handler
                0x0000000008001ccc                CAN2_SCE_IRQHandler
                0x0000000008001ccc                DMA2_Stream2_IRQHandler
                0x0000000008001ccc                SPI1_IRQHandler
                0x0000000008001ccc                TIM6_DAC_IRQHandler
                0x0000000008001ccc                TIM1_BRK_TIM9_IRQHandler
                0x0000000008001ccc                DCMI_IRQHandler
                0x0000000008001ccc                CAN2_RX0_IRQHandler
                0x0000000008001ccc                DMA2_Stream3_IRQHandler
                0x0000000008001ccc                USART6_IRQHandler
                0x0000000008001ccc                USART3_IRQHandler
                0x0000000008001ccc                CRYP_IRQHandler
                0x0000000008001ccc                CAN1_RX1_IRQHandler
                0x0000000008001ccc                UART5_IRQHandler
                0x0000000008001ccc                DMA2_Stream0_IRQHandler
                0x0000000008001ccc                TIM4_IRQHandler
                0x0000000008001ccc                I2C1_EV_IRQHandler
                0x0000000008001ccc                DMA1_Stream6_IRQHandler
                0x0000000008001ccc                DMA1_Stream1_IRQHandler
                0x0000000008001ccc                UART4_IRQHandler
                0x0000000008001ccc                TIM3_IRQHandler
                0x0000000008001ccc                RCC_IRQHandler
                0x0000000008001ccc                TIM8_BRK_TIM12_IRQHandler
                0x0000000008001ccc                Default_Handler
                0x0000000008001ccc                EXTI15_10_IRQHandler
                0x0000000008001ccc                ADC_IRQHandler
                0x0000000008001ccc                DMA1_Stream7_IRQHandler
                0x0000000008001ccc                TIM7_IRQHandler
                0x0000000008001ccc                CAN2_TX_IRQHandler
                0x0000000008001ccc                TIM5_IRQHandler
                0x0000000008001ccc                DMA2_Stream7_IRQHandler
                0x0000000008001ccc                I2C3_EV_IRQHandler
                0x0000000008001ccc                EXTI9_5_IRQHandler
                0x0000000008001ccc                RTC_WKUP_IRQHandler
                0x0000000008001ccc                ETH_WKUP_IRQHandler
                0x0000000008001ccc                SPI2_IRQHandler
                0x0000000008001ccc                OTG_HS_EP1_IN_IRQHandler
                0x0000000008001ccc                MemManage_Handler
                0x0000000008001ccc                DMA1_Stream0_IRQHandler
                0x0000000008001ccc                CAN1_TX_IRQHandler
                0x0000000008001ccc                SVC_Handler
                0x0000000008001ccc                EXTI4_IRQHandler
                0x0000000008001ccc                FSMC_IRQHandler
                0x0000000008001ccc                ETH_IRQHandler
                0x0000000008001ccc                OTG_HS_EP1_OUT_IRQHandler
                0x0000000008001ccc                WWDG_IRQHandler
                0x0000000008001ccc                TIM2_IRQHandler
                0x0000000008001ccc                OTG_FS_WKUP_IRQHandler
                0x0000000008001ccc                TIM1_TRG_COM_TIM11_IRQHandler
                0x0000000008001ccc                OTG_HS_IRQHandler
                0x0000000008001ccc                EXTI1_IRQHandler
                0x0000000008001ccc                USART2_IRQHandler
                0x0000000008001ccc                I2C2_ER_IRQHandler
                0x0000000008001ccc                DMA2_Stream1_IRQHandler
                0x0000000008001ccc                CAN1_SCE_IRQHandler
                0x0000000008001ccc                FLASH_IRQHandler
                0x0000000008001ccc                DMA2_Stream4_IRQHandler
                0x0000000008001ccc                BusFault_Handler
                0x0000000008001ccc                USART1_IRQHandler
                0x0000000008001ccc                OTG_FS_IRQHandler
                0x0000000008001ccc                SPI3_IRQHandler
                0x0000000008001ccc                DMA1_Stream4_IRQHandler
                0x0000000008001ccc                I2C1_ER_IRQHandler
                0x0000000008001ccc                DMA2_Stream6_IRQHandler
                0x0000000008001ccc                DMA1_Stream3_IRQHandler
 *fill*         0x0000000008001cce        0x2 
 .text.adc_init
                0x0000000008001cd0       0x80 utils/adc.o
                0x0000000008001cd0                adc_init
 .text.adc_read
                0x0000000008001d50       0x2c utils/adc.o
                0x0000000008001d50                adc_read
 .text.adc_read_samples
                0x0000000008001d7c       0x44 utils/adc.o
                0x0000000008001d7c                adc_read_samples
 .text.debug_init
                0x0000000008001dc0       0x88 utils/debug.o
                0x0000000008001dc0                debug_init
 .text.debug_write
                0x0000000008001e48       0x48 utils/debug.o
                0x0000000008001e48                debug_write
 .text.debug_write_int
                0x0000000008001e90       0x30 utils/debug.o
                0x0000000008001e90                debug_write_int
 .text.debug_read
                0x0000000008001ec0       0x28 utils/debug.o
                0x0000000008001ec0                debug_read
 .text.led_init
                0x0000000008001ee8       0x34 utils/led.o
                0x0000000008001ee8                led_init
 .text.led_write
                0x0000000008001f1c       0x28 utils/led.o
                0x0000000008001f1c                led_write
 .text.NVIC_SetPriority
                0x0000000008001f44       0x54 utils/port.o
 .text.SysTick_Config
                0x0000000008001f98       0x44 utils/port.o
 .text.port_init
                0x0000000008001fdc       0x2c utils/port.o
                0x0000000008001fdc                port_init
 .text.SysTick_Handler
                0x0000000008002008       0x1c utils/port.o
                0x0000000008002008                SysTick_Handler
 .text.__errno  0x0000000008002024        0xc /home/kevencastro7/Ac6/SystemWorkbench/plugins/fr.ac6.mcu.externaltools.arm-none.linux64_1.16.0.201807130628/tools/compiler/bin/../lib/gcc/arm-none-eabi/7.2.1/../../../../arm-none-eabi/lib/thumb/v7e-m/fpv4-sp/hard/libc.a(lib_a-errno.o)
                0x0000000008002024                __errno
 .text.__libc_init_array
                0x0000000008002030       0x48 /home/kevencastro7/Ac6/SystemWorkbench/plugins/fr.ac6.mcu.externaltools.arm-none.linux64_1.16.0.201807130628/tools/compiler/bin/../lib/gcc/arm-none-eabi/7.2.1/../../../../arm-none-eabi/lib/thumb/v7e-m/fpv4-sp/hard/libc.a(lib_a-init.o)
                0x0000000008002030                __libc_init_array
 .text.memset   0x0000000008002078       0x94 /home/kevencastro7/Ac6/SystemWorkbench/plugins/fr.ac6.mcu.externaltools.arm-none.linux64_1.16.0.201807130628/tools/compiler/bin/../lib/gcc/arm-none-eabi/7.2.1/../../../../arm-none-eabi/lib/thumb/v7e-m/fpv4-sp/hard/libc.a(lib_a-memset.o)
                0x0000000008002078                memset
 .text.sprintf  0x000000000800210c       0x44 /home/kevencastro7/Ac6/SystemWorkbench/plugins/fr.ac6.mcu.externaltools.arm-none.linux64_1.16.0.201807130628/tools/compiler/bin/../lib/gcc/arm-none-eabi/7.2.1/../../../../arm-none-eabi/lib/thumb/v7e-m/fpv4-sp/hard/libc.a(lib_a-sprintf.o)
                0x000000000800210c                sprintf
 .text._svfprintf_r
                0x0000000008002150     0x144c /home/kevencastro7/Ac6/SystemWorkbench/plugins/fr.ac6.mcu.externaltools.arm-none.linux64_1.16.0.201807130628/tools/compiler/bin/../lib/gcc/arm-none-eabi/7.2.1/../../../../arm-none-eabi/lib/thumb/v7e-m/fpv4-sp/hard/libc.a(lib_a-svfprintf.o)
                0x0000000008002150                _svfprintf_r
 .text.startup.register_fini
                0x000000000800359c       0x14 /home/kevencastro7/Ac6/SystemWorkbench/plugins/fr.ac6.mcu.externaltools.arm-none.linux64_1.16.0.201807130628/tools/compiler/bin/../lib/gcc/arm-none-eabi/7.2.1/../../../../arm-none-eabi/lib/thumb/v7e-m/fpv4-sp/hard/libc.a(lib_a-__call_atexit.o)
 .text.atexit   0x00000000080035b0        0xc /home/kevencastro7/Ac6/SystemWorkbench/plugins/fr.ac6.mcu.externaltools.arm-none.linux64_1.16.0.201807130628/tools/compiler/bin/../lib/gcc/arm-none-eabi/7.2.1/../../../../arm-none-eabi/lib/thumb/v7e-m/fpv4-sp/hard/libc.a(lib_a-atexit.o)
                0x00000000080035b0                atexit
 .text.quorem   0x00000000080035bc      0x124 /home/kevencastro7/Ac6/SystemWorkbench/plugins/fr.ac6.mcu.externaltools.arm-none.linux64_1.16.0.201807130628/tools/compiler/bin/../lib/gcc/arm-none-eabi/7.2.1/../../../../arm-none-eabi/lib/thumb/v7e-m/fpv4-sp/hard/libc.a(lib_a-dtoa.o)
 .text._dtoa_r  0x00000000080036e0      0xe28 /home/kevencastro7/Ac6/SystemWorkbench/plugins/fr.ac6.mcu.externaltools.arm-none.linux64_1.16.0.201807130628/tools/compiler/bin/../lib/gcc/arm-none-eabi/7.2.1/../../../../arm-none-eabi/lib/thumb/v7e-m/fpv4-sp/hard/libc.a(lib_a-dtoa.o)
                0x00000000080036e0                _dtoa_r
 .text.__libc_fini_array
                0x0000000008004508       0x34 /home/kevencastro7/Ac6/SystemWorkbench/plugins/fr.ac6.mcu.externaltools.arm-none.linux64_1.16.0.201807130628/tools/compiler/bin/../lib/gcc/arm-none-eabi/7.2.1/../../../../arm-none-eabi/lib/thumb/v7e-m/fpv4-sp/hard/libc.a(lib_a-fini.o)
                0x0000000008004508                __libc_fini_array
 .text._localeconv_r
                0x000000000800453c       0x1c /home/kevencastro7/Ac6/SystemWorkbench/plugins/fr.ac6.mcu.externaltools.arm-none.linux64_1.16.0.201807130628/tools/compiler/bin/../lib/gcc/arm-none-eabi/7.2.1/../../../../arm-none-eabi/lib/thumb/v7e-m/fpv4-sp/hard/libc.a(lib_a-localeconv.o)
                0x000000000800453c                _localeconv_r
 .text.__retarget_lock_acquire_recursive
                0x0000000008004558        0x4 /home/kevencastro7/Ac6/SystemWorkbench/plugins/fr.ac6.mcu.externaltools.arm-none.linux64_1.16.0.201807130628/tools/compiler/bin/../lib/gcc/arm-none-eabi/7.2.1/../../../../arm-none-eabi/lib/thumb/v7e-m/fpv4-sp/hard/libc.a(lib_a-lock.o)
                0x0000000008004558                __retarget_lock_acquire_recursive
 .text.__retarget_lock_release_recursive
                0x000000000800455c        0x4 /home/kevencastro7/Ac6/SystemWorkbench/plugins/fr.ac6.mcu.externaltools.arm-none.linux64_1.16.0.201807130628/tools/compiler/bin/../lib/gcc/arm-none-eabi/7.2.1/../../../../arm-none-eabi/lib/thumb/v7e-m/fpv4-sp/hard/libc.a(lib_a-lock.o)
                0x000000000800455c                __retarget_lock_release_recursive
 .text._malloc_r
                0x0000000008004560      0x548 /home/kevencastro7/Ac6/SystemWorkbench/plugins/fr.ac6.mcu.externaltools.arm-none.linux64_1.16.0.201807130628/tools/compiler/bin/../lib/gcc/arm-none-eabi/7.2.1/../../../../arm-none-eabi/lib/thumb/v7e-m/fpv4-sp/hard/libc.a(lib_a-mallocr.o)
                0x0000000008004560                _malloc_r
 .text.__malloc_lock
                0x0000000008004aa8        0xc /home/kevencastro7/Ac6/SystemWorkbench/plugins/fr.ac6.mcu.externaltools.arm-none.linux64_1.16.0.201807130628/tools/compiler/bin/../lib/gcc/arm-none-eabi/7.2.1/../../../../arm-none-eabi/lib/thumb/v7e-m/fpv4-sp/hard/libc.a(lib_a-mlock.o)
                0x0000000008004aa8                __malloc_lock
 .text.__malloc_unlock
                0x0000000008004ab4        0xc /home/kevencastro7/Ac6/SystemWorkbench/plugins/fr.ac6.mcu.externaltools.arm-none.linux64_1.16.0.201807130628/tools/compiler/bin/../lib/gcc/arm-none-eabi/7.2.1/../../../../arm-none-eabi/lib/thumb/v7e-m/fpv4-sp/hard/libc.a(lib_a-mlock.o)
                0x0000000008004ab4                __malloc_unlock
 .text._Balloc  0x0000000008004ac0       0x4c /home/kevencastro7/Ac6/SystemWorkbench/plugins/fr.ac6.mcu.externaltools.arm-none.linux64_1.16.0.201807130628/tools/compiler/bin/../lib/gcc/arm-none-eabi/7.2.1/../../../../arm-none-eabi/lib/thumb/v7e-m/fpv4-sp/hard/libc.a(lib_a-mprec.o)
                0x0000000008004ac0                _Balloc
 .text._Bfree   0x0000000008004b0c       0x14 /home/kevencastro7/Ac6/SystemWorkbench/plugins/fr.ac6.mcu.externaltools.arm-none.linux64_1.16.0.201807130628/tools/compiler/bin/../lib/gcc/arm-none-eabi/7.2.1/../../../../arm-none-eabi/lib/thumb/v7e-m/fpv4-sp/hard/libc.a(lib_a-mprec.o)
                0x0000000008004b0c                _Bfree
 .text.__multadd
                0x0000000008004b20       0x80 /home/kevencastro7/Ac6/SystemWorkbench/plugins/fr.ac6.mcu.externaltools.arm-none.linux64_1.16.0.201807130628/tools/compiler/bin/../lib/gcc/arm-none-eabi/7.2.1/../../../../arm-none-eabi/lib/thumb/v7e-m/fpv4-sp/hard/libc.a(lib_a-mprec.o)
                0x0000000008004b20                __multadd
 .text.__hi0bits
                0x0000000008004ba0       0x40 /home/kevencastro7/Ac6/SystemWorkbench/plugins/fr.ac6.mcu.externaltools.arm-none.linux64_1.16.0.201807130628/tools/compiler/bin/../lib/gcc/arm-none-eabi/7.2.1/../../../../arm-none-eabi/lib/thumb/v7e-m/fpv4-sp/hard/libc.a(lib_a-mprec.o)
                0x0000000008004ba0                __hi0bits
 .text.__lo0bits
                0x0000000008004be0       0x60 /home/kevencastro7/Ac6/SystemWorkbench/plugins/fr.ac6.mcu.externaltools.arm-none.linux64_1.16.0.201807130628/tools/compiler/bin/../lib/gcc/arm-none-eabi/7.2.1/../../../../arm-none-eabi/lib/thumb/v7e-m/fpv4-sp/hard/libc.a(lib_a-mprec.o)
                0x0000000008004be0                __lo0bits
 .text.__i2b    0x0000000008004c40       0x14 /home/kevencastro7/Ac6/SystemWorkbench/plugins/fr.ac6.mcu.externaltools.arm-none.linux64_1.16.0.201807130628/tools/compiler/bin/../lib/gcc/arm-none-eabi/7.2.1/../../../../arm-none-eabi/lib/thumb/v7e-m/fpv4-sp/hard/libc.a(lib_a-mprec.o)
                0x0000000008004c40                __i2b
 .text.__multiply
                0x0000000008004c54      0x14c /home/kevencastro7/Ac6/SystemWorkbench/plugins/fr.ac6.mcu.externaltools.arm-none.linux64_1.16.0.201807130628/tools/compiler/bin/../lib/gcc/arm-none-eabi/7.2.1/../../../../arm-none-eabi/lib/thumb/v7e-m/fpv4-sp/hard/libc.a(lib_a-mprec.o)
                0x0000000008004c54                __multiply
 .text.__pow5mult
                0x0000000008004da0       0xa0 /home/kevencastro7/Ac6/SystemWorkbench/plugins/fr.ac6.mcu.externaltools.arm-none.linux64_1.16.0.201807130628/tools/compiler/bin/../lib/gcc/arm-none-eabi/7.2.1/../../../../arm-none-eabi/lib/thumb/v7e-m/fpv4-sp/hard/libc.a(lib_a-mprec.o)
                0x0000000008004da0                __pow5mult
 .text.__lshift
                0x0000000008004e40       0xac /home/kevencastro7/Ac6/SystemWorkbench/plugins/fr.ac6.mcu.externaltools.arm-none.linux64_1.16.0.201807130628/tools/compiler/bin/../lib/gcc/arm-none-eabi/7.2.1/../../../../arm-none-eabi/lib/thumb/v7e-m/fpv4-sp/hard/libc.a(lib_a-mprec.o)
                0x0000000008004e40                __lshift
 .text.__mcmp   0x0000000008004eec       0x38 /home/kevencastro7/Ac6/SystemWorkbench/plugins/fr.ac6.mcu.externaltools.arm-none.linux64_1.16.0.201807130628/tools/compiler/bin/../lib/gcc/arm-none-eabi/7.2.1/../../../../arm-none-eabi/lib/thumb/v7e-m/fpv4-sp/hard/libc.a(lib_a-mprec.o)
                0x0000000008004eec                __mcmp
 .text.__mdiff  0x0000000008004f24       0xec /home/kevencastro7/Ac6/SystemWorkbench/plugins/fr.ac6.mcu.externaltools.arm-none.linux64_1.16.0.201807130628/tools/compiler/bin/../lib/gcc/arm-none-eabi/7.2.1/../../../../arm-none-eabi/lib/thumb/v7e-m/fpv4-sp/hard/libc.a(lib_a-mprec.o)
                0x0000000008004f24                __mdiff
 .text.__d2b    0x0000000008005010       0xc4 /home/kevencastro7/Ac6/SystemWorkbench/plugins/fr.ac6.mcu.externaltools.arm-none.linux64_1.16.0.201807130628/tools/compiler/bin/../lib/gcc/arm-none-eabi/7.2.1/../../../../arm-none-eabi/lib/thumb/v7e-m/fpv4-sp/hard/libc.a(lib_a-mprec.o)
                0x0000000008005010                __d2b
 .text._sbrk_r  0x00000000080050d4       0x24 /home/kevencastro7/Ac6/SystemWorkbench/plugins/fr.ac6.mcu.externaltools.arm-none.linux64_1.16.0.201807130628/tools/compiler/bin/../lib/gcc/arm-none-eabi/7.2.1/../../../../arm-none-eabi/lib/thumb/v7e-m/fpv4-sp/hard/libc.a(lib_a-sbrkr.o)
                0x00000000080050d4                _sbrk_r
 .text.__ssprint_r
                0x00000000080050f8       0xf4 /home/kevencastro7/Ac6/SystemWorkbench/plugins/fr.ac6.mcu.externaltools.arm-none.linux64_1.16.0.201807130628/tools/compiler/bin/../lib/gcc/arm-none-eabi/7.2.1/../../../../arm-none-eabi/lib/thumb/v7e-m/fpv4-sp/hard/libc.a(lib_a-svfiprintf.o)
                0x00000000080050f8                __ssprint_r
 .text.__register_exitproc
                0x00000000080051ec       0xc0 /home/kevencastro7/Ac6/SystemWorkbench/plugins/fr.ac6.mcu.externaltools.arm-none.linux64_1.16.0.201807130628/tools/compiler/bin/../lib/gcc/arm-none-eabi/7.2.1/../../../../arm-none-eabi/lib/thumb/v7e-m/fpv4-sp/hard/libc.a(lib_a-__atexit.o)
                0x00000000080051ec                __register_exitproc
 .text._calloc_r
                0x00000000080052ac       0x68 /home/kevencastro7/Ac6/SystemWorkbench/plugins/fr.ac6.mcu.externaltools.arm-none.linux64_1.16.0.201807130628/tools/compiler/bin/../lib/gcc/arm-none-eabi/7.2.1/../../../../arm-none-eabi/lib/thumb/v7e-m/fpv4-sp/hard/libc.a(lib_a-callocr.o)
                0x00000000080052ac                _calloc_r
 .text._malloc_trim_r
                0x0000000008005314       0xa0 /home/kevencastro7/Ac6/SystemWorkbench/plugins/fr.ac6.mcu.externaltools.arm-none.linux64_1.16.0.201807130628/tools/compiler/bin/../lib/gcc/arm-none-eabi/7.2.1/../../../../arm-none-eabi/lib/thumb/v7e-m/fpv4-sp/hard/libc.a(lib_a-freer.o)
                0x0000000008005314                _malloc_trim_r
 .text._free_r  0x00000000080053b4      0x1e8 /home/kevencastro7/Ac6/SystemWorkbench/plugins/fr.ac6.mcu.externaltools.arm-none.linux64_1.16.0.201807130628/tools/compiler/bin/../lib/gcc/arm-none-eabi/7.2.1/../../../../arm-none-eabi/lib/thumb/v7e-m/fpv4-sp/hard/libc.a(lib_a-freer.o)
                0x00000000080053b4                _free_r
 .text.__ascii_mbtowc
                0x000000000800559c       0x2c /home/kevencastro7/Ac6/SystemWorkbench/plugins/fr.ac6.mcu.externaltools.arm-none.linux64_1.16.0.201807130628/tools/compiler/bin/../lib/gcc/arm-none-eabi/7.2.1/../../../../arm-none-eabi/lib/thumb/v7e-m/fpv4-sp/hard/libc.a(lib_a-mbtowc_r.o)
                0x000000000800559c                __ascii_mbtowc
 .text.memmove  0x00000000080055c8       0xc8 /home/kevencastro7/Ac6/SystemWorkbench/plugins/fr.ac6.mcu.externaltools.arm-none.linux64_1.16.0.201807130628/tools/compiler/bin/../lib/gcc/arm-none-eabi/7.2.1/../../../../arm-none-eabi/lib/thumb/v7e-m/fpv4-sp/hard/libc.a(lib_a-memmove.o)
                0x00000000080055c8                memmove
 .text._realloc_r
                0x0000000008005690      0x35c /home/kevencastro7/Ac6/SystemWorkbench/plugins/fr.ac6.mcu.externaltools.arm-none.linux64_1.16.0.201807130628/tools/compiler/bin/../lib/gcc/arm-none-eabi/7.2.1/../../../../arm-none-eabi/lib/thumb/v7e-m/fpv4-sp/hard/libc.a(lib_a-reallocr.o)
                0x0000000008005690                _realloc_r
 .text.__ascii_wctomb
                0x00000000080059ec       0x1c /home/kevencastro7/Ac6/SystemWorkbench/plugins/fr.ac6.mcu.externaltools.arm-none.linux64_1.16.0.201807130628/tools/compiler/bin/../lib/gcc/arm-none-eabi/7.2.1/../../../../arm-none-eabi/lib/thumb/v7e-m/fpv4-sp/hard/libc.a(lib_a-wctomb_r.o)
                0x00000000080059ec                __ascii_wctomb
 *(.rodata)
 .rodata        0x0000000008005a08       0x15 src/main.o
 *fill*         0x0000000008005a1d        0x3 
 .rodata        0x0000000008005a20        0x3 utils/debug.o
 *(.rodata*)
 *fill*         0x0000000008005a23        0x1 
 .rodata._global_impure_ptr
                0x0000000008005a24        0x4 /home/kevencastro7/Ac6/SystemWorkbench/plugins/fr.ac6.mcu.externaltools.arm-none.linux64_1.16.0.201807130628/tools/compiler/bin/../lib/gcc/arm-none-eabi/7.2.1/../../../../arm-none-eabi/lib/thumb/v7e-m/fpv4-sp/hard/libc.a(lib_a-impure.o)
                0x0000000008005a24                _global_impure_ptr
 .rodata._svfprintf_r.str1.4
                0x0000000008005a28       0x42 /home/kevencastro7/Ac6/SystemWorkbench/plugins/fr.ac6.mcu.externaltools.arm-none.linux64_1.16.0.201807130628/tools/compiler/bin/../lib/gcc/arm-none-eabi/7.2.1/../../../../arm-none-eabi/lib/thumb/v7e-m/fpv4-sp/hard/libc.a(lib_a-svfprintf.o)
 *fill*         0x0000000008005a6a        0x2 
 .rodata.blanks.8551
                0x0000000008005a6c       0x10 /home/kevencastro7/Ac6/SystemWorkbench/plugins/fr.ac6.mcu.externaltools.arm-none.linux64_1.16.0.201807130628/tools/compiler/bin/../lib/gcc/arm-none-eabi/7.2.1/../../../../arm-none-eabi/lib/thumb/v7e-m/fpv4-sp/hard/libc.a(lib_a-svfprintf.o)
 .rodata.zeroes.8552
                0x0000000008005a7c       0x10 /home/kevencastro7/Ac6/SystemWorkbench/plugins/fr.ac6.mcu.externaltools.arm-none.linux64_1.16.0.201807130628/tools/compiler/bin/../lib/gcc/arm-none-eabi/7.2.1/../../../../arm-none-eabi/lib/thumb/v7e-m/fpv4-sp/hard/libc.a(lib_a-svfprintf.o)
 .rodata._dtoa_r.str1.4
                0x0000000008005a8c       0x10 /home/kevencastro7/Ac6/SystemWorkbench/plugins/fr.ac6.mcu.externaltools.arm-none.linux64_1.16.0.201807130628/tools/compiler/bin/../lib/gcc/arm-none-eabi/7.2.1/../../../../arm-none-eabi/lib/thumb/v7e-m/fpv4-sp/hard/libc.a(lib_a-dtoa.o)
                                         0x12 (size before relaxing)
 *fill*         0x0000000008005a9c        0x4 
 .rodata.__mprec_bigtens
                0x0000000008005aa0       0x28 /home/kevencastro7/Ac6/SystemWorkbench/plugins/fr.ac6.mcu.externaltools.arm-none.linux64_1.16.0.201807130628/tools/compiler/bin/../lib/gcc/arm-none-eabi/7.2.1/../../../../arm-none-eabi/lib/thumb/v7e-m/fpv4-sp/hard/libc.a(lib_a-mprec.o)
                0x0000000008005aa0                __mprec_bigtens
 .rodata.__mprec_tens
                0x0000000008005ac8       0xc8 /home/kevencastro7/Ac6/SystemWorkbench/plugins/fr.ac6.mcu.externaltools.arm-none.linux64_1.16.0.201807130628/tools/compiler/bin/../lib/gcc/arm-none-eabi/7.2.1/../../../../arm-none-eabi/lib/thumb/v7e-m/fpv4-sp/hard/libc.a(lib_a-mprec.o)
                0x0000000008005ac8                __mprec_tens
 .rodata.p05.7367
                0x0000000008005b90        0xc /home/kevencastro7/Ac6/SystemWorkbench/plugins/fr.ac6.mcu.externaltools.arm-none.linux64_1.16.0.201807130628/tools/compiler/bin/../lib/gcc/arm-none-eabi/7.2.1/../../../../arm-none-eabi/lib/thumb/v7e-m/fpv4-sp/hard/libc.a(lib_a-mprec.o)
 .rodata._setlocale_r.str1.4
                0x0000000008005b9c        0xa /home/kevencastro7/Ac6/SystemWorkbench/plugins/fr.ac6.mcu.externaltools.arm-none.linux64_1.16.0.201807130628/tools/compiler/bin/../lib/gcc/arm-none-eabi/7.2.1/../../../../arm-none-eabi/lib/thumb/v7e-m/fpv4-sp/hard/libc.a(lib_a-locale.o)
                                          0xd (size before relaxing)
 *fill*         0x0000000008005ba6        0x2 
 .rodata.str1.4
                0x0000000008005ba8        0x4 /home/kevencastro7/Ac6/SystemWorkbench/plugins/fr.ac6.mcu.externaltools.arm-none.linux64_1.16.0.201807130628/tools/compiler/bin/../lib/gcc/arm-none-eabi/7.2.1/../../../../arm-none-eabi/lib/thumb/v7e-m/fpv4-sp/hard/libc.a(lib_a-locale.o)
                                          0x2 (size before relaxing)
 .rodata._ctype_
                0x0000000008005bac      0x101 /home/kevencastro7/Ac6/SystemWorkbench/plugins/fr.ac6.mcu.externaltools.arm-none.linux64_1.16.0.201807130628/tools/compiler/bin/../lib/gcc/arm-none-eabi/7.2.1/../../../../arm-none-eabi/lib/thumb/v7e-m/fpv4-sp/hard/libc.a(lib_a-ctype_.o)
                0x0000000008005bac                _ctype_
 *(.glue_7)
 .glue_7        0x0000000008005cad        0x0 linker stubs
 *(.glue_7t)
 .glue_7t       0x0000000008005cad        0x0 linker stubs
 *(.eh_frame)
 *fill*         0x0000000008005cad        0x3 
 .eh_frame      0x0000000008005cb0        0x0 /home/kevencastro7/Ac6/SystemWorkbench/plugins/fr.ac6.mcu.externaltools.arm-none.linux64_1.16.0.201807130628/tools/compiler/bin/../lib/gcc/arm-none-eabi/7.2.1/thumb/v7e-m/fpv4-sp/hard/crtbegin.o
 *(.init)
 .init          0x0000000008005cb0        0x4 /home/kevencastro7/Ac6/SystemWorkbench/plugins/fr.ac6.mcu.externaltools.arm-none.linux64_1.16.0.201807130628/tools/compiler/bin/../lib/gcc/arm-none-eabi/7.2.1/thumb/v7e-m/fpv4-sp/hard/crti.o
                0x0000000008005cb0                _init
 .init          0x0000000008005cb4        0x8 /home/kevencastro7/Ac6/SystemWorkbench/plugins/fr.ac6.mcu.externaltools.arm-none.linux64_1.16.0.201807130628/tools/compiler/bin/../lib/gcc/arm-none-eabi/7.2.1/thumb/v7e-m/fpv4-sp/hard/crtn.o
 *(.fini)
 .fini          0x0000000008005cbc        0x4 /home/kevencastro7/Ac6/SystemWorkbench/plugins/fr.ac6.mcu.externaltools.arm-none.linux64_1.16.0.201807130628/tools/compiler/bin/../lib/gcc/arm-none-eabi/7.2.1/thumb/v7e-m/fpv4-sp/hard/crti.o
                0x0000000008005cbc                _fini
 .fini          0x0000000008005cc0        0x8 /home/kevencastro7/Ac6/SystemWorkbench/plugins/fr.ac6.mcu.externaltools.arm-none.linux64_1.16.0.201807130628/tools/compiler/bin/../lib/gcc/arm-none-eabi/7.2.1/thumb/v7e-m/fpv4-sp/hard/crtn.o
                0x0000000008005cc8                . = ALIGN (0x4)
                0x0000000008005cc8                _etext = .

.vfp11_veneer   0x0000000008005cc8        0x0
 .vfp11_veneer  0x0000000008005cc8        0x0 linker stubs

.v4_bx          0x0000000008005cc8        0x0
 .v4_bx         0x0000000008005cc8        0x0 linker stubs

.iplt           0x0000000008005cc8        0x0
 .iplt          0x0000000008005cc8        0x0 /home/kevencastro7/Ac6/SystemWorkbench/plugins/fr.ac6.mcu.externaltools.arm-none.linux64_1.16.0.201807130628/tools/compiler/bin/../lib/gcc/arm-none-eabi/7.2.1/thumb/v7e-m/fpv4-sp/hard/crtbegin.o

.ARM.extab
 *(.ARM.extab* .gnu.linkonce.armextab.*)

.ARM            0x0000000008005cc8        0x8
                0x0000000008005cc8                __exidx_start = .
 *(.ARM.exidx*)
 .ARM.exidx     0x0000000008005cc8        0x8 /home/kevencastro7/Ac6/SystemWorkbench/plugins/fr.ac6.mcu.externaltools.arm-none.linux64_1.16.0.201807130628/tools/compiler/bin/../lib/gcc/arm-none-eabi/7.2.1/thumb/v7e-m/fpv4-sp/hard/libgcc.a(_udivmoddi4.o)
                0x0000000008005cd0                __exidx_end = .

.rel.dyn        0x0000000008005cd0        0x0
 .rel.iplt      0x0000000008005cd0        0x0 /home/kevencastro7/Ac6/SystemWorkbench/plugins/fr.ac6.mcu.externaltools.arm-none.linux64_1.16.0.201807130628/tools/compiler/bin/../lib/gcc/arm-none-eabi/7.2.1/thumb/v7e-m/fpv4-sp/hard/crtbegin.o

.preinit_array  0x0000000008005cd0        0x0
                0x0000000008005cd0                PROVIDE (__preinit_array_start, .)
 *(.preinit_array*)
                0x0000000008005cd0                PROVIDE (__preinit_array_end, .)

.init_array     0x0000000008005cd0        0x8
                0x0000000008005cd0                PROVIDE (__init_array_start, .)
 *(SORT_BY_NAME(.init_array.*))
 .init_array.00000
                0x0000000008005cd0        0x4 /home/kevencastro7/Ac6/SystemWorkbench/plugins/fr.ac6.mcu.externaltools.arm-none.linux64_1.16.0.201807130628/tools/compiler/bin/../lib/gcc/arm-none-eabi/7.2.1/../../../../arm-none-eabi/lib/thumb/v7e-m/fpv4-sp/hard/libc.a(lib_a-__call_atexit.o)
 *(.init_array*)
 .init_array    0x0000000008005cd4        0x4 /home/kevencastro7/Ac6/SystemWorkbench/plugins/fr.ac6.mcu.externaltools.arm-none.linux64_1.16.0.201807130628/tools/compiler/bin/../lib/gcc/arm-none-eabi/7.2.1/thumb/v7e-m/fpv4-sp/hard/crtbegin.o
                0x0000000008005cd8                PROVIDE (__init_array_end, .)

.fini_array     0x0000000008005cd8        0x4
                0x0000000008005cd8                PROVIDE (__fini_array_start, .)
 *(.fini_array*)
 .fini_array    0x0000000008005cd8        0x4 /home/kevencastro7/Ac6/SystemWorkbench/plugins/fr.ac6.mcu.externaltools.arm-none.linux64_1.16.0.201807130628/tools/compiler/bin/../lib/gcc/arm-none-eabi/7.2.1/thumb/v7e-m/fpv4-sp/hard/crtbegin.o
 *(SORT_BY_NAME(.fini_array.*))
                0x0000000008005cdc                PROVIDE (__fini_array_end, .)
                0x0000000008005cdc                _sidata = .

.data           0x0000000020000000      0x9c0 load address 0x0000000008005cdc
                0x0000000020000000                . = ALIGN (0x4)
                0x0000000020000000                _sdata = .
 *(.data)
 .data          0x0000000020000000       0x10 StdPeriph_Driver/src/stm32f4xx_rcc.o
 *(.data*)
 .data._impure_ptr
                0x0000000020000010        0x4 /home/kevencastro7/Ac6/SystemWorkbench/plugins/fr.ac6.mcu.externaltools.arm-none.linux64_1.16.0.201807130628/tools/compiler/bin/../lib/gcc/arm-none-eabi/7.2.1/../../../../arm-none-eabi/lib/thumb/v7e-m/fpv4-sp/hard/libc.a(lib_a-impure.o)
                0x0000000020000010                _impure_ptr
 *fill*         0x0000000020000014        0x4 
 .data.impure_data
                0x0000000020000018      0x428 /home/kevencastro7/Ac6/SystemWorkbench/plugins/fr.ac6.mcu.externaltools.arm-none.linux64_1.16.0.201807130628/tools/compiler/bin/../lib/gcc/arm-none-eabi/7.2.1/../../../../arm-none-eabi/lib/thumb/v7e-m/fpv4-sp/hard/libc.a(lib_a-impure.o)
 .data.__atexit_recursive_mutex
                0x0000000020000440        0x4 /home/kevencastro7/Ac6/SystemWorkbench/plugins/fr.ac6.mcu.externaltools.arm-none.linux64_1.16.0.201807130628/tools/compiler/bin/../lib/gcc/arm-none-eabi/7.2.1/../../../../arm-none-eabi/lib/thumb/v7e-m/fpv4-sp/hard/libc.a(lib_a-__call_atexit.o)
                0x0000000020000440                __atexit_recursive_mutex
 .data.__malloc_av_
                0x0000000020000444      0x408 /home/kevencastro7/Ac6/SystemWorkbench/plugins/fr.ac6.mcu.externaltools.arm-none.linux64_1.16.0.201807130628/tools/compiler/bin/../lib/gcc/arm-none-eabi/7.2.1/../../../../arm-none-eabi/lib/thumb/v7e-m/fpv4-sp/hard/libc.a(lib_a-mallocr.o)
                0x0000000020000444                __malloc_av_
 .data.__malloc_sbrk_base
                0x000000002000084c        0x4 /home/kevencastro7/Ac6/SystemWorkbench/plugins/fr.ac6.mcu.externaltools.arm-none.linux64_1.16.0.201807130628/tools/compiler/bin/../lib/gcc/arm-none-eabi/7.2.1/../../../../arm-none-eabi/lib/thumb/v7e-m/fpv4-sp/hard/libc.a(lib_a-mallocr.o)
                0x000000002000084c                __malloc_sbrk_base
 .data.__malloc_trim_threshold
                0x0000000020000850        0x4 /home/kevencastro7/Ac6/SystemWorkbench/plugins/fr.ac6.mcu.externaltools.arm-none.linux64_1.16.0.201807130628/tools/compiler/bin/../lib/gcc/arm-none-eabi/7.2.1/../../../../arm-none-eabi/lib/thumb/v7e-m/fpv4-sp/hard/libc.a(lib_a-mallocr.o)
                0x0000000020000850                __malloc_trim_threshold
 .data.__global_locale
                0x0000000020000854      0x16c /home/kevencastro7/Ac6/SystemWorkbench/plugins/fr.ac6.mcu.externaltools.arm-none.linux64_1.16.0.201807130628/tools/compiler/bin/../lib/gcc/arm-none-eabi/7.2.1/../../../../arm-none-eabi/lib/thumb/v7e-m/fpv4-sp/hard/libc.a(lib_a-locale.o)
                0x0000000020000854                __global_locale
                0x00000000200009c0                . = ALIGN (0x4)
                0x00000000200009c0                _edata = .

.igot.plt       0x00000000200009c0        0x0 load address 0x000000000800669c
 .igot.plt      0x00000000200009c0        0x0 /home/kevencastro7/Ac6/SystemWorkbench/plugins/fr.ac6.mcu.externaltools.arm-none.linux64_1.16.0.201807130628/tools/compiler/bin/../lib/gcc/arm-none-eabi/7.2.1/thumb/v7e-m/fpv4-sp/hard/crtbegin.o
                0x00000000200009c0                . = ALIGN (0x4)

.bss            0x00000000200009c0       0x84 load address 0x000000000800669c
                0x00000000200009c0                _sbss = .
                0x00000000200009c0                __bss_start__ = _sbss
 *(.bss)
 .bss           0x00000000200009c0       0x1c /home/kevencastro7/Ac6/SystemWorkbench/plugins/fr.ac6.mcu.externaltools.arm-none.linux64_1.16.0.201807130628/tools/compiler/bin/../lib/gcc/arm-none-eabi/7.2.1/thumb/v7e-m/fpv4-sp/hard/crtbegin.o
 .bss           0x00000000200009dc        0x8 src/syscalls.o
                0x00000000200009dc                __env
 *(.bss*)
 .bss.__malloc_current_mallinfo
                0x00000000200009e4       0x28 /home/kevencastro7/Ac6/SystemWorkbench/plugins/fr.ac6.mcu.externaltools.arm-none.linux64_1.16.0.201807130628/tools/compiler/bin/../lib/gcc/arm-none-eabi/7.2.1/../../../../arm-none-eabi/lib/thumb/v7e-m/fpv4-sp/hard/libc.a(lib_a-mallocr.o)
                0x00000000200009e4                __malloc_current_mallinfo
 .bss.__malloc_max_sbrked_mem
                0x0000000020000a0c        0x4 /home/kevencastro7/Ac6/SystemWorkbench/plugins/fr.ac6.mcu.externaltools.arm-none.linux64_1.16.0.201807130628/tools/compiler/bin/../lib/gcc/arm-none-eabi/7.2.1/../../../../arm-none-eabi/lib/thumb/v7e-m/fpv4-sp/hard/libc.a(lib_a-mallocr.o)
                0x0000000020000a0c                __malloc_max_sbrked_mem
 .bss.__malloc_max_total_mem
                0x0000000020000a10        0x4 /home/kevencastro7/Ac6/SystemWorkbench/plugins/fr.ac6.mcu.externaltools.arm-none.linux64_1.16.0.201807130628/tools/compiler/bin/../lib/gcc/arm-none-eabi/7.2.1/../../../../arm-none-eabi/lib/thumb/v7e-m/fpv4-sp/hard/libc.a(lib_a-mallocr.o)
                0x0000000020000a10                __malloc_max_total_mem
 .bss.__malloc_top_pad
                0x0000000020000a14        0x4 /home/kevencastro7/Ac6/SystemWorkbench/plugins/fr.ac6.mcu.externaltools.arm-none.linux64_1.16.0.201807130628/tools/compiler/bin/../lib/gcc/arm-none-eabi/7.2.1/../../../../arm-none-eabi/lib/thumb/v7e-m/fpv4-sp/hard/libc.a(lib_a-mallocr.o)
                0x0000000020000a14                __malloc_top_pad
 *(COMMON)
 COMMON         0x0000000020000a18        0x4 src/main.o
                0x0000000020000a18                millis
 COMMON         0x0000000020000a1c       0x21 /home/kevencastro7/Ac6/SystemWorkbench/plugins/fr.ac6.mcu.externaltools.arm-none.linux64_1.16.0.201807130628/tools/compiler/bin/../lib/gcc/arm-none-eabi/7.2.1/../../../../arm-none-eabi/lib/thumb/v7e-m/fpv4-sp/hard/libc.a(lib_a-lock.o)
                0x0000000020000a1c                __lock___atexit_recursive_mutex
                0x0000000020000a20                __lock___arc4random_mutex
                0x0000000020000a24                __lock___env_recursive_mutex
                0x0000000020000a28                __lock___sinit_recursive_mutex
                0x0000000020000a2c                __lock___malloc_recursive_mutex
                0x0000000020000a30                __lock___at_quick_exit_mutex
                0x0000000020000a34                __lock___dd_hash_mutex
                0x0000000020000a38                __lock___tz_mutex
                0x0000000020000a3c                __lock___sfp_recursive_mutex
 *fill*         0x0000000020000a3d        0x3 
 COMMON         0x0000000020000a40        0x4 /home/kevencastro7/Ac6/SystemWorkbench/plugins/fr.ac6.mcu.externaltools.arm-none.linux64_1.16.0.201807130628/tools/compiler/bin/../lib/gcc/arm-none-eabi/7.2.1/../../../../arm-none-eabi/lib/thumb/v7e-m/fpv4-sp/hard/libc.a(lib_a-reent.o)
                0x0000000020000a40                errno
                0x0000000020000a44                . = ALIGN (0x4)
                0x0000000020000a44                _ebss = .
                0x0000000020000a44                __bss_end__ = _ebss

._user_heap_stack
                0x0000000020000a44      0x404 load address 0x0000000008006720
                0x0000000020000a48                . = ALIGN (0x8)
 *fill*         0x0000000020000a44        0x4 
                0x0000000020000a48                PROVIDE (end, .)
                [!provide]                        PROVIDE (_end, .)
                0x0000000020000a48                . = (. + _Min_Heap_Size)
                0x0000000020000e48                . = (. + _Min_Stack_Size)
 *fill*         0x0000000020000a48      0x400 
                0x0000000020000e48                . = ALIGN (0x8)

.memory_b1_text
 *(.mb1text)
 *(.mb1text*)
 *(.mb1rodata)
 *(.mb1rodata*)

/DISCARD/
 libc.a(*)
 libm.a(*)
 libgcc.a(*)

.ARM.attributes
                0x0000000000000000       0x30
 *(.ARM.attributes)
 .ARM.attributes
                0x0000000000000000       0x22 /home/kevencastro7/Ac6/SystemWorkbench/plugins/fr.ac6.mcu.externaltools.arm-none.linux64_1.16.0.201807130628/tools/compiler/bin/../lib/gcc/arm-none-eabi/7.2.1/thumb/v7e-m/fpv4-sp/hard/crti.o
 .ARM.attributes
                0x0000000000000022       0x34 /home/kevencastro7/Ac6/SystemWorkbench/plugins/fr.ac6.mcu.externaltools.arm-none.linux64_1.16.0.201807130628/tools/compiler/bin/../lib/gcc/arm-none-eabi/7.2.1/thumb/v7e-m/fpv4-sp/hard/crtbegin.o
 .ARM.attributes
                0x0000000000000056       0x39 StdPeriph_Driver/src/stm32f4xx_adc.o
 .ARM.attributes
                0x000000000000008f       0x39 StdPeriph_Driver/src/stm32f4xx_gpio.o
 .ARM.attributes
                0x00000000000000c8       0x39 StdPeriph_Driver/src/stm32f4xx_rcc.o
 .ARM.attributes
                0x0000000000000101       0x39 StdPeriph_Driver/src/stm32f4xx_usart.o
 .ARM.attributes
                0x000000000000013a       0x39 src/main.o
 .ARM.attributes
                0x0000000000000173       0x39 src/syscalls.o
 .ARM.attributes
                0x00000000000001ac       0x39 src/system_stm32f4xx.o
 .ARM.attributes
                0x00000000000001e5       0x21 startup/startup_stm32f4xx.o
 .ARM.attributes
                0x0000000000000206       0x39 utils/adc.o
 .ARM.attributes
                0x000000000000023f       0x39 utils/debug.o
 .ARM.attributes
                0x0000000000000278       0x39 utils/led.o
 .ARM.attributes
                0x00000000000002b1       0x39 utils/port.o
 .ARM.attributes
                0x00000000000002ea       0x34 /home/kevencastro7/Ac6/SystemWorkbench/plugins/fr.ac6.mcu.externaltools.arm-none.linux64_1.16.0.201807130628/tools/compiler/bin/../lib/gcc/arm-none-eabi/7.2.1/../../../../arm-none-eabi/lib/thumb/v7e-m/fpv4-sp/hard/libc.a(lib_a-errno.o)
 .ARM.attributes
                0x000000000000031e       0x34 /home/kevencastro7/Ac6/SystemWorkbench/plugins/fr.ac6.mcu.externaltools.arm-none.linux64_1.16.0.201807130628/tools/compiler/bin/../lib/gcc/arm-none-eabi/7.2.1/../../../../arm-none-eabi/lib/thumb/v7e-m/fpv4-sp/hard/libc.a(lib_a-impure.o)
 .ARM.attributes
                0x0000000000000352       0x34 /home/kevencastro7/Ac6/SystemWorkbench/plugins/fr.ac6.mcu.externaltools.arm-none.linux64_1.16.0.201807130628/tools/compiler/bin/../lib/gcc/arm-none-eabi/7.2.1/../../../../arm-none-eabi/lib/thumb/v7e-m/fpv4-sp/hard/libc.a(lib_a-init.o)
 .ARM.attributes
                0x0000000000000386       0x34 /home/kevencastro7/Ac6/SystemWorkbench/plugins/fr.ac6.mcu.externaltools.arm-none.linux64_1.16.0.201807130628/tools/compiler/bin/../lib/gcc/arm-none-eabi/7.2.1/../../../../arm-none-eabi/lib/thumb/v7e-m/fpv4-sp/hard/libc.a(lib_a-memset.o)
 .ARM.attributes
                0x00000000000003ba       0x34 /home/kevencastro7/Ac6/SystemWorkbench/plugins/fr.ac6.mcu.externaltools.arm-none.linux64_1.16.0.201807130628/tools/compiler/bin/../lib/gcc/arm-none-eabi/7.2.1/../../../../arm-none-eabi/lib/thumb/v7e-m/fpv4-sp/hard/libc.a(lib_a-sprintf.o)
 .ARM.attributes
                0x00000000000003ee       0x34 /home/kevencastro7/Ac6/SystemWorkbench/plugins/fr.ac6.mcu.externaltools.arm-none.linux64_1.16.0.201807130628/tools/compiler/bin/../lib/gcc/arm-none-eabi/7.2.1/../../../../arm-none-eabi/lib/thumb/v7e-m/fpv4-sp/hard/libc.a(lib_a-svfprintf.o)
 .ARM.attributes
                0x0000000000000422       0x34 /home/kevencastro7/Ac6/SystemWorkbench/plugins/fr.ac6.mcu.externaltools.arm-none.linux64_1.16.0.201807130628/tools/compiler/bin/../lib/gcc/arm-none-eabi/7.2.1/../../../../arm-none-eabi/lib/thumb/v7e-m/fpv4-sp/hard/libc.a(lib_a-__call_atexit.o)
 .ARM.attributes
                0x0000000000000456       0x34 /home/kevencastro7/Ac6/SystemWorkbench/plugins/fr.ac6.mcu.externaltools.arm-none.linux64_1.16.0.201807130628/tools/compiler/bin/../lib/gcc/arm-none-eabi/7.2.1/../../../../arm-none-eabi/lib/thumb/v7e-m/fpv4-sp/hard/libc.a(lib_a-atexit.o)
 .ARM.attributes
                0x000000000000048a       0x34 /home/kevencastro7/Ac6/SystemWorkbench/plugins/fr.ac6.mcu.externaltools.arm-none.linux64_1.16.0.201807130628/tools/compiler/bin/../lib/gcc/arm-none-eabi/7.2.1/../../../../arm-none-eabi/lib/thumb/v7e-m/fpv4-sp/hard/libc.a(lib_a-dtoa.o)
 .ARM.attributes
                0x00000000000004be       0x34 /home/kevencastro7/Ac6/SystemWorkbench/plugins/fr.ac6.mcu.externaltools.arm-none.linux64_1.16.0.201807130628/tools/compiler/bin/../lib/gcc/arm-none-eabi/7.2.1/../../../../arm-none-eabi/lib/thumb/v7e-m/fpv4-sp/hard/libc.a(lib_a-fini.o)
 .ARM.attributes
                0x00000000000004f2       0x34 /home/kevencastro7/Ac6/SystemWorkbench/plugins/fr.ac6.mcu.externaltools.arm-none.linux64_1.16.0.201807130628/tools/compiler/bin/../lib/gcc/arm-none-eabi/7.2.1/../../../../arm-none-eabi/lib/thumb/v7e-m/fpv4-sp/hard/libc.a(lib_a-localeconv.o)
 .ARM.attributes
                0x0000000000000526       0x34 /home/kevencastro7/Ac6/SystemWorkbench/plugins/fr.ac6.mcu.externaltools.arm-none.linux64_1.16.0.201807130628/tools/compiler/bin/../lib/gcc/arm-none-eabi/7.2.1/../../../../arm-none-eabi/lib/thumb/v7e-m/fpv4-sp/hard/libc.a(lib_a-lock.o)
 .ARM.attributes
                0x000000000000055a       0x34 /home/kevencastro7/Ac6/SystemWorkbench/plugins/fr.ac6.mcu.externaltools.arm-none.linux64_1.16.0.201807130628/tools/compiler/bin/../lib/gcc/arm-none-eabi/7.2.1/../../../../arm-none-eabi/lib/thumb/v7e-m/fpv4-sp/hard/libc.a(lib_a-mallocr.o)
 .ARM.attributes
                0x000000000000058e       0x20 /home/kevencastro7/Ac6/SystemWorkbench/plugins/fr.ac6.mcu.externaltools.arm-none.linux64_1.16.0.201807130628/tools/compiler/bin/../lib/gcc/arm-none-eabi/7.2.1/../../../../arm-none-eabi/lib/thumb/v7e-m/fpv4-sp/hard/libc.a(lib_a-memchr.o)
 .ARM.attributes
                0x00000000000005ae       0x20 /home/kevencastro7/Ac6/SystemWorkbench/plugins/fr.ac6.mcu.externaltools.arm-none.linux64_1.16.0.201807130628/tools/compiler/bin/../lib/gcc/arm-none-eabi/7.2.1/../../../../arm-none-eabi/lib/thumb/v7e-m/fpv4-sp/hard/libc.a(lib_a-memcpy.o)
 .ARM.attributes
                0x00000000000005ce       0x34 /home/kevencastro7/Ac6/SystemWorkbench/plugins/fr.ac6.mcu.externaltools.arm-none.linux64_1.16.0.201807130628/tools/compiler/bin/../lib/gcc/arm-none-eabi/7.2.1/../../../../arm-none-eabi/lib/thumb/v7e-m/fpv4-sp/hard/libc.a(lib_a-mlock.o)
 .ARM.attributes
                0x0000000000000602       0x34 /home/kevencastro7/Ac6/SystemWorkbench/plugins/fr.ac6.mcu.externaltools.arm-none.linux64_1.16.0.201807130628/tools/compiler/bin/../lib/gcc/arm-none-eabi/7.2.1/../../../../arm-none-eabi/lib/thumb/v7e-m/fpv4-sp/hard/libc.a(lib_a-mprec.o)
 .ARM.attributes
                0x0000000000000636       0x34 /home/kevencastro7/Ac6/SystemWorkbench/plugins/fr.ac6.mcu.externaltools.arm-none.linux64_1.16.0.201807130628/tools/compiler/bin/../lib/gcc/arm-none-eabi/7.2.1/../../../../arm-none-eabi/lib/thumb/v7e-m/fpv4-sp/hard/libc.a(lib_a-sbrkr.o)
 .ARM.attributes
                0x000000000000066a       0x20 /home/kevencastro7/Ac6/SystemWorkbench/plugins/fr.ac6.mcu.externaltools.arm-none.linux64_1.16.0.201807130628/tools/compiler/bin/../lib/gcc/arm-none-eabi/7.2.1/../../../../arm-none-eabi/lib/thumb/v7e-m/fpv4-sp/hard/libc.a(lib_a-strlen.o)
 .ARM.attributes
                0x000000000000068a       0x34 /home/kevencastro7/Ac6/SystemWorkbench/plugins/fr.ac6.mcu.externaltools.arm-none.linux64_1.16.0.201807130628/tools/compiler/bin/../lib/gcc/arm-none-eabi/7.2.1/../../../../arm-none-eabi/lib/thumb/v7e-m/fpv4-sp/hard/libc.a(lib_a-svfiprintf.o)
 .ARM.attributes
                0x00000000000006be       0x34 /home/kevencastro7/Ac6/SystemWorkbench/plugins/fr.ac6.mcu.externaltools.arm-none.linux64_1.16.0.201807130628/tools/compiler/bin/../lib/gcc/arm-none-eabi/7.2.1/../../../../arm-none-eabi/lib/thumb/v7e-m/fpv4-sp/hard/libc.a(lib_a-__atexit.o)
 .ARM.attributes
                0x00000000000006f2       0x34 /home/kevencastro7/Ac6/SystemWorkbench/plugins/fr.ac6.mcu.externaltools.arm-none.linux64_1.16.0.201807130628/tools/compiler/bin/../lib/gcc/arm-none-eabi/7.2.1/../../../../arm-none-eabi/lib/thumb/v7e-m/fpv4-sp/hard/libc.a(lib_a-callocr.o)
 .ARM.attributes
                0x0000000000000726       0x34 /home/kevencastro7/Ac6/SystemWorkbench/plugins/fr.ac6.mcu.externaltools.arm-none.linux64_1.16.0.201807130628/tools/compiler/bin/../lib/gcc/arm-none-eabi/7.2.1/../../../../arm-none-eabi/lib/thumb/v7e-m/fpv4-sp/hard/libc.a(lib_a-freer.o)
 .ARM.attributes
                0x000000000000075a       0x34 /home/kevencastro7/Ac6/SystemWorkbench/plugins/fr.ac6.mcu.externaltools.arm-none.linux64_1.16.0.201807130628/tools/compiler/bin/../lib/gcc/arm-none-eabi/7.2.1/../../../../arm-none-eabi/lib/thumb/v7e-m/fpv4-sp/hard/libc.a(lib_a-locale.o)
 .ARM.attributes
                0x000000000000078e       0x34 /home/kevencastro7/Ac6/SystemWorkbench/plugins/fr.ac6.mcu.externaltools.arm-none.linux64_1.16.0.201807130628/tools/compiler/bin/../lib/gcc/arm-none-eabi/7.2.1/../../../../arm-none-eabi/lib/thumb/v7e-m/fpv4-sp/hard/libc.a(lib_a-mbtowc_r.o)
 .ARM.attributes
                0x00000000000007c2       0x34 /home/kevencastro7/Ac6/SystemWorkbench/plugins/fr.ac6.mcu.externaltools.arm-none.linux64_1.16.0.201807130628/tools/compiler/bin/../lib/gcc/arm-none-eabi/7.2.1/../../../../arm-none-eabi/lib/thumb/v7e-m/fpv4-sp/hard/libc.a(lib_a-memmove.o)
 .ARM.attributes
                0x00000000000007f6       0x34 /home/kevencastro7/Ac6/SystemWorkbench/plugins/fr.ac6.mcu.externaltools.arm-none.linux64_1.16.0.201807130628/tools/compiler/bin/../lib/gcc/arm-none-eabi/7.2.1/../../../../arm-none-eabi/lib/thumb/v7e-m/fpv4-sp/hard/libc.a(lib_a-reallocr.o)
 .ARM.attributes
                0x000000000000082a       0x34 /home/kevencastro7/Ac6/SystemWorkbench/plugins/fr.ac6.mcu.externaltools.arm-none.linux64_1.16.0.201807130628/tools/compiler/bin/../lib/gcc/arm-none-eabi/7.2.1/../../../../arm-none-eabi/lib/thumb/v7e-m/fpv4-sp/hard/libc.a(lib_a-reent.o)
 .ARM.attributes
                0x000000000000085e       0x34 /home/kevencastro7/Ac6/SystemWorkbench/plugins/fr.ac6.mcu.externaltools.arm-none.linux64_1.16.0.201807130628/tools/compiler/bin/../lib/gcc/arm-none-eabi/7.2.1/../../../../arm-none-eabi/lib/thumb/v7e-m/fpv4-sp/hard/libc.a(lib_a-wctomb_r.o)
 .ARM.attributes
                0x0000000000000892       0x34 /home/kevencastro7/Ac6/SystemWorkbench/plugins/fr.ac6.mcu.externaltools.arm-none.linux64_1.16.0.201807130628/tools/compiler/bin/../lib/gcc/arm-none-eabi/7.2.1/../../../../arm-none-eabi/lib/thumb/v7e-m/fpv4-sp/hard/libc.a(lib_a-ctype_.o)
 .ARM.attributes
                0x00000000000008c6       0x22 /home/kevencastro7/Ac6/SystemWorkbench/plugins/fr.ac6.mcu.externaltools.arm-none.linux64_1.16.0.201807130628/tools/compiler/bin/../lib/gcc/arm-none-eabi/7.2.1/thumb/v7e-m/fpv4-sp/hard/libgcc.a(_arm_addsubdf3.o)
 .ARM.attributes
                0x00000000000008e8       0x22 /home/kevencastro7/Ac6/SystemWorkbench/plugins/fr.ac6.mcu.externaltools.arm-none.linux64_1.16.0.201807130628/tools/compiler/bin/../lib/gcc/arm-none-eabi/7.2.1/thumb/v7e-m/fpv4-sp/hard/libgcc.a(_arm_muldivdf3.o)
 .ARM.attributes
                0x000000000000090a       0x22 /home/kevencastro7/Ac6/SystemWorkbench/plugins/fr.ac6.mcu.externaltools.arm-none.linux64_1.16.0.201807130628/tools/compiler/bin/../lib/gcc/arm-none-eabi/7.2.1/thumb/v7e-m/fpv4-sp/hard/libgcc.a(_arm_cmpdf2.o)
 .ARM.attributes
                0x000000000000092c       0x22 /home/kevencastro7/Ac6/SystemWorkbench/plugins/fr.ac6.mcu.externaltools.arm-none.linux64_1.16.0.201807130628/tools/compiler/bin/../lib/gcc/arm-none-eabi/7.2.1/thumb/v7e-m/fpv4-sp/hard/libgcc.a(_arm_unorddf2.o)
 .ARM.attributes
                0x000000000000094e       0x22 /home/kevencastro7/Ac6/SystemWorkbench/plugins/fr.ac6.mcu.externaltools.arm-none.linux64_1.16.0.201807130628/tools/compiler/bin/../lib/gcc/arm-none-eabi/7.2.1/thumb/v7e-m/fpv4-sp/hard/libgcc.a(_arm_fixdfsi.o)
 .ARM.attributes
                0x0000000000000970       0x22 /home/kevencastro7/Ac6/SystemWorkbench/plugins/fr.ac6.mcu.externaltools.arm-none.linux64_1.16.0.201807130628/tools/compiler/bin/../lib/gcc/arm-none-eabi/7.2.1/thumb/v7e-m/fpv4-sp/hard/libgcc.a(_aeabi_uldivmod.o)
 .ARM.attributes
                0x0000000000000992       0x34 /home/kevencastro7/Ac6/SystemWorkbench/plugins/fr.ac6.mcu.externaltools.arm-none.linux64_1.16.0.201807130628/tools/compiler/bin/../lib/gcc/arm-none-eabi/7.2.1/thumb/v7e-m/fpv4-sp/hard/libgcc.a(_udivmoddi4.o)
 .ARM.attributes
                0x00000000000009c6       0x22 /home/kevencastro7/Ac6/SystemWorkbench/plugins/fr.ac6.mcu.externaltools.arm-none.linux64_1.16.0.201807130628/tools/compiler/bin/../lib/gcc/arm-none-eabi/7.2.1/thumb/v7e-m/fpv4-sp/hard/libgcc.a(_dvmd_tls.o)
 .ARM.attributes
                0x00000000000009e8       0x22 /home/kevencastro7/Ac6/SystemWorkbench/plugins/fr.ac6.mcu.externaltools.arm-none.linux64_1.16.0.201807130628/tools/compiler/bin/../lib/gcc/arm-none-eabi/7.2.1/thumb/v7e-m/fpv4-sp/hard/crtn.o
OUTPUT(nighthawk.elf elf32-littlearm)

.debug_info     0x0000000000000000     0x634f
 .debug_info    0x0000000000000000      0xc4e StdPeriph_Driver/src/stm32f4xx_adc.o
 .debug_info    0x0000000000000c4e      0x628 StdPeriph_Driver/src/stm32f4xx_gpio.o
 .debug_info    0x0000000000001276      0xc72 StdPeriph_Driver/src/stm32f4xx_rcc.o
 .debug_info    0x0000000000001ee8      0x9d4 StdPeriph_Driver/src/stm32f4xx_usart.o
 .debug_info    0x00000000000028bc      0x945 src/main.o
 .debug_info    0x0000000000003201      0xf2e src/syscalls.o
 .debug_info    0x000000000000412f      0x5ce src/system_stm32f4xx.o
 .debug_info    0x00000000000046fd       0x22 startup/startup_stm32f4xx.o
 .debug_info    0x000000000000471f      0x4e2 utils/adc.o
 .debug_info    0x0000000000004c01      0xcec utils/debug.o
 .debug_info    0x00000000000058ed      0x319 utils/led.o
 .debug_info    0x0000000000005c06      0x749 utils/port.o

.debug_abbrev   0x0000000000000000     0x13fe
 .debug_abbrev  0x0000000000000000      0x1b0 StdPeriph_Driver/src/stm32f4xx_adc.o
 .debug_abbrev  0x00000000000001b0      0x1bf StdPeriph_Driver/src/stm32f4xx_gpio.o
 .debug_abbrev  0x000000000000036f      0x1fd StdPeriph_Driver/src/stm32f4xx_rcc.o
 .debug_abbrev  0x000000000000056c      0x187 StdPeriph_Driver/src/stm32f4xx_usart.o
 .debug_abbrev  0x00000000000006f3      0x1e2 src/main.o
 .debug_abbrev  0x00000000000008d5      0x2aa src/syscalls.o
 .debug_abbrev  0x0000000000000b7f      0x15d src/system_stm32f4xx.o
 .debug_abbrev  0x0000000000000cdc       0x12 startup/startup_stm32f4xx.o
 .debug_abbrev  0x0000000000000cee      0x185 utils/adc.o
 .debug_abbrev  0x0000000000000e73      0x24a utils/debug.o
 .debug_abbrev  0x00000000000010bd      0x144 utils/led.o
 .debug_abbrev  0x0000000000001201      0x1fd utils/port.o

.debug_aranges  0x0000000000000000      0x650
 .debug_aranges
                0x0000000000000000      0x148 StdPeriph_Driver/src/stm32f4xx_adc.o
 .debug_aranges
                0x0000000000000148       0x88 StdPeriph_Driver/src/stm32f4xx_gpio.o
 .debug_aranges
                0x00000000000001d0      0x178 StdPeriph_Driver/src/stm32f4xx_rcc.o
 .debug_aranges
                0x0000000000000348      0x100 StdPeriph_Driver/src/stm32f4xx_usart.o
 .debug_aranges
                0x0000000000000448       0x20 src/main.o
 .debug_aranges
                0x0000000000000468       0xb0 src/syscalls.o
 .debug_aranges
                0x0000000000000518       0x30 src/system_stm32f4xx.o
 .debug_aranges
                0x0000000000000548       0x28 startup/startup_stm32f4xx.o
 .debug_aranges
                0x0000000000000570       0x30 utils/adc.o
 .debug_aranges
                0x00000000000005a0       0x40 utils/debug.o
 .debug_aranges
                0x00000000000005e0       0x28 utils/led.o
 .debug_aranges
                0x0000000000000608       0x48 utils/port.o

.debug_ranges   0x0000000000000000      0x598
 .debug_ranges  0x0000000000000000      0x138 StdPeriph_Driver/src/stm32f4xx_adc.o
 .debug_ranges  0x0000000000000138       0x78 StdPeriph_Driver/src/stm32f4xx_gpio.o
 .debug_ranges  0x00000000000001b0      0x168 StdPeriph_Driver/src/stm32f4xx_rcc.o
 .debug_ranges  0x0000000000000318       0xf0 StdPeriph_Driver/src/stm32f4xx_usart.o
 .debug_ranges  0x0000000000000408       0x10 src/main.o
 .debug_ranges  0x0000000000000418       0xa0 src/syscalls.o
 .debug_ranges  0x00000000000004b8       0x20 src/system_stm32f4xx.o
 .debug_ranges  0x00000000000004d8       0x20 startup/startup_stm32f4xx.o
 .debug_ranges  0x00000000000004f8       0x20 utils/adc.o
 .debug_ranges  0x0000000000000518       0x30 utils/debug.o
 .debug_ranges  0x0000000000000548       0x18 utils/led.o
 .debug_ranges  0x0000000000000560       0x38 utils/port.o

.debug_macro    0x0000000000000000     0x3da2
 .debug_macro   0x0000000000000000      0x24a StdPeriph_Driver/src/stm32f4xx_adc.o
 .debug_macro   0x000000000000024a      0x3c9 StdPeriph_Driver/src/stm32f4xx_adc.o
 .debug_macro   0x0000000000000613       0x7f StdPeriph_Driver/src/stm32f4xx_adc.o
 .debug_macro   0x0000000000000692      0x1c3 StdPeriph_Driver/src/stm32f4xx_gpio.o
 .debug_macro   0x0000000000000855      0x25f StdPeriph_Driver/src/stm32f4xx_gpio.o
 .debug_macro   0x0000000000000ab4      0x267 StdPeriph_Driver/src/stm32f4xx_rcc.o
 .debug_macro   0x0000000000000d1b      0x532 StdPeriph_Driver/src/stm32f4xx_rcc.o
 .debug_macro   0x000000000000124d      0x1db StdPeriph_Driver/src/stm32f4xx_usart.o
 .debug_macro   0x0000000000001428      0x21a StdPeriph_Driver/src/stm32f4xx_usart.o
 .debug_macro   0x0000000000001642      0x3b9 src/main.o
 .debug_macro   0x00000000000019fb       0x88 src/main.o
 .debug_macro   0x0000000000001a83       0x58 src/main.o
 .debug_macro   0x0000000000001adb       0x17 src/main.o
 .debug_macro   0x0000000000001af2       0x35 src/main.o
 .debug_macro   0x0000000000001b27       0x9c src/main.o
 .debug_macro   0x0000000000001bc3       0x16 src/main.o
 .debug_macro   0x0000000000001bd9       0x97 src/main.o
 .debug_macro   0x0000000000001c70      0x330 src/main.o
 .debug_macro   0x0000000000001fa0       0xfd src/main.o
 .debug_macro   0x000000000000209d       0x10 src/main.o
 .debug_macro   0x00000000000020ad       0x58 src/main.o
 .debug_macro   0x0000000000002105       0x1f src/main.o
 .debug_macro   0x0000000000002124       0x43 src/main.o
 .debug_macro   0x0000000000002167       0x20 src/main.o
 .debug_macro   0x0000000000002187      0x18e src/main.o
 .debug_macro   0x0000000000002315       0x10 src/main.o
 .debug_macro   0x0000000000002325       0x1c src/main.o
 .debug_macro   0x0000000000002341       0x52 src/main.o
 .debug_macro   0x0000000000002393       0x40 src/main.o
 .debug_macro   0x00000000000023d3       0x10 src/main.o
 .debug_macro   0x00000000000023e3       0x40 src/main.o
 .debug_macro   0x0000000000002423       0xd7 src/main.o
 .debug_macro   0x00000000000024fa       0x1c src/main.o
 .debug_macro   0x0000000000002516       0x3d src/main.o
 .debug_macro   0x0000000000002553       0x16 src/main.o
 .debug_macro   0x0000000000002569      0x16f src/main.o
 .debug_macro   0x00000000000026d8       0x16 src/main.o
 .debug_macro   0x00000000000026ee       0x35 src/main.o
 .debug_macro   0x0000000000002723       0x16 src/main.o
 .debug_macro   0x0000000000002739       0x29 src/main.o
 .debug_macro   0x0000000000002762       0x16 src/main.o
 .debug_macro   0x0000000000002778       0x1c src/main.o
 .debug_macro   0x0000000000002794      0x243 src/syscalls.o
 .debug_macro   0x00000000000029d7       0x52 src/syscalls.o
 .debug_macro   0x0000000000002a29       0x8d src/syscalls.o
 .debug_macro   0x0000000000002ab6       0x57 src/syscalls.o
 .debug_macro   0x0000000000002b0d      0x174 src/syscalls.o
 .debug_macro   0x0000000000002c81       0x10 src/syscalls.o
 .debug_macro   0x0000000000002c91       0x10 src/syscalls.o
 .debug_macro   0x0000000000002ca1       0x10 src/syscalls.o
 .debug_macro   0x0000000000002cb1       0x35 src/syscalls.o
 .debug_macro   0x0000000000002ce6      0x122 src/syscalls.o
 .debug_macro   0x0000000000002e08       0x10 src/syscalls.o
 .debug_macro   0x0000000000002e18      0x241 src/syscalls.o
 .debug_macro   0x0000000000003059       0x1c src/syscalls.o
 .debug_macro   0x0000000000003075       0x10 src/syscalls.o
 .debug_macro   0x0000000000003085      0x189 src/syscalls.o
 .debug_macro   0x000000000000320e       0x16 src/syscalls.o
 .debug_macro   0x0000000000003224       0x88 src/syscalls.o
 .debug_macro   0x00000000000032ac      0x1e6 src/system_stm32f4xx.o
 .debug_macro   0x0000000000003492      0x1da utils/adc.o
 .debug_macro   0x000000000000366c      0x384 utils/debug.o
 .debug_macro   0x00000000000039f0      0x1c8 utils/led.o
 .debug_macro   0x0000000000003bb8      0x1c8 utils/port.o
 .debug_macro   0x0000000000003d80       0x22 utils/port.o

.debug_line     0x0000000000000000     0x565b
 .debug_line    0x0000000000000000      0x9a8 StdPeriph_Driver/src/stm32f4xx_adc.o
 .debug_line    0x00000000000009a8      0x7aa StdPeriph_Driver/src/stm32f4xx_gpio.o
 .debug_line    0x0000000000001152      0x9f0 StdPeriph_Driver/src/stm32f4xx_rcc.o
 .debug_line    0x0000000000001b42      0x8ef StdPeriph_Driver/src/stm32f4xx_usart.o
 .debug_line    0x0000000000002431      0x854 src/main.o
 .debug_line    0x0000000000002c85      0x627 src/syscalls.o
 .debug_line    0x00000000000032ac      0x6ad src/system_stm32f4xx.o
 .debug_line    0x0000000000003959       0x7b startup/startup_stm32f4xx.o
 .debug_line    0x00000000000039d4      0x6c2 utils/adc.o
 .debug_line    0x0000000000004096      0x860 utils/debug.o
 .debug_line    0x00000000000048f6      0x688 utils/led.o
 .debug_line    0x0000000000004f7e      0x6dd utils/port.o

.debug_str      0x0000000000000000    0x5df27
 .debug_str     0x0000000000000000    0x56db5 StdPeriph_Driver/src/stm32f4xx_adc.o
                                      0x56f88 (size before relaxing)
 .debug_str     0x0000000000056db5      0x2fa StdPeriph_Driver/src/stm32f4xx_gpio.o
                                      0x56944 (size before relaxing)
 .debug_str     0x00000000000570af      0xb2e StdPeriph_Driver/src/stm32f4xx_rcc.o
                                      0x571c5 (size before relaxing)
 .debug_str     0x0000000000057bdd      0x533 StdPeriph_Driver/src/stm32f4xx_usart.o
                                      0x56c54 (size before relaxing)
 .debug_str     0x0000000000058110     0x4515 src/main.o
                                      0x5ac29 (size before relaxing)
 .debug_str     0x000000000005c625     0x1109 src/syscalls.o
                                       0x86f9 (size before relaxing)
 .debug_str     0x000000000005d72e      0x12b src/system_stm32f4xx.o
                                      0x5687f (size before relaxing)
 .debug_str     0x000000000005d859       0x2e startup/startup_stm32f4xx.o
                                         0x5b (size before relaxing)
 .debug_str     0x000000000005d887       0x66 utils/adc.o
                                      0x56b89 (size before relaxing)
 .debug_str     0x000000000005d8ed       0x4a utils/debug.o
                                      0x5aeb9 (size before relaxing)
 .debug_str     0x000000000005d937       0x27 utils/led.o
                                      0x56a55 (size before relaxing)
 .debug_str     0x000000000005d95e      0x5c9 utils/port.o
                                      0x56d03 (size before relaxing)

.comment        0x0000000000000000       0x7e
 .comment       0x0000000000000000       0x7e StdPeriph_Driver/src/stm32f4xx_adc.o
                                         0x7f (size before relaxing)
 .comment       0x000000000000007e       0x7f StdPeriph_Driver/src/stm32f4xx_gpio.o
 .comment       0x000000000000007e       0x7f StdPeriph_Driver/src/stm32f4xx_rcc.o
 .comment       0x000000000000007e       0x7f StdPeriph_Driver/src/stm32f4xx_usart.o
 .comment       0x000000000000007e       0x7f src/main.o
 .comment       0x000000000000007e       0x7f src/syscalls.o
 .comment       0x000000000000007e       0x7f src/system_stm32f4xx.o
 .comment       0x000000000000007e       0x7f utils/adc.o
 .comment       0x000000000000007e       0x7f utils/debug.o
 .comment       0x000000000000007e       0x7f utils/led.o
 .comment       0x000000000000007e       0x7f utils/port.o

.debug_frame    0x0000000000000000     0x25a0
 .debug_frame   0x0000000000000000      0x5ec StdPeriph_Driver/src/stm32f4xx_adc.o
 .debug_frame   0x00000000000005ec      0x23c StdPeriph_Driver/src/stm32f4xx_gpio.o
 .debug_frame   0x0000000000000828      0x6d4 StdPeriph_Driver/src/stm32f4xx_rcc.o
 .debug_frame   0x0000000000000efc      0x490 StdPeriph_Driver/src/stm32f4xx_usart.o
 .debug_frame   0x000000000000138c       0x30 src/main.o
 .debug_frame   0x00000000000013bc      0x2d0 src/syscalls.o
 .debug_frame   0x000000000000168c       0x7c src/system_stm32f4xx.o
 .debug_frame   0x0000000000001708       0x74 utils/adc.o
 .debug_frame   0x000000000000177c       0xc0 utils/debug.o
 .debug_frame   0x000000000000183c       0x58 utils/led.o
 .debug_frame   0x0000000000001894       0xe8 utils/port.o
 .debug_frame   0x000000000000197c       0x20 /home/kevencastro7/Ac6/SystemWorkbench/plugins/fr.ac6.mcu.externaltools.arm-none.linux64_1.16.0.201807130628/tools/compiler/bin/../lib/gcc/arm-none-eabi/7.2.1/../../../../arm-none-eabi/lib/thumb/v7e-m/fpv4-sp/hard/libc.a(lib_a-errno.o)
 .debug_frame   0x000000000000199c       0x2c /home/kevencastro7/Ac6/SystemWorkbench/plugins/fr.ac6.mcu.externaltools.arm-none.linux64_1.16.0.201807130628/tools/compiler/bin/../lib/gcc/arm-none-eabi/7.2.1/../../../../arm-none-eabi/lib/thumb/v7e-m/fpv4-sp/hard/libc.a(lib_a-init.o)
 .debug_frame   0x00000000000019c8       0x38 /home/kevencastro7/Ac6/SystemWorkbench/plugins/fr.ac6.mcu.externaltools.arm-none.linux64_1.16.0.201807130628/tools/compiler/bin/../lib/gcc/arm-none-eabi/7.2.1/../../../../arm-none-eabi/lib/thumb/v7e-m/fpv4-sp/hard/libc.a(lib_a-memset.o)
 .debug_frame   0x0000000000001a00       0x80 /home/kevencastro7/Ac6/SystemWorkbench/plugins/fr.ac6.mcu.externaltools.arm-none.linux64_1.16.0.201807130628/tools/compiler/bin/../lib/gcc/arm-none-eabi/7.2.1/../../../../arm-none-eabi/lib/thumb/v7e-m/fpv4-sp/hard/libc.a(lib_a-sprintf.o)
 .debug_frame   0x0000000000001a80       0x40 /home/kevencastro7/Ac6/SystemWorkbench/plugins/fr.ac6.mcu.externaltools.arm-none.linux64_1.16.0.201807130628/tools/compiler/bin/../lib/gcc/arm-none-eabi/7.2.1/../../../../arm-none-eabi/lib/thumb/v7e-m/fpv4-sp/hard/libc.a(lib_a-svfprintf.o)
 .debug_frame   0x0000000000001ac0       0x5c /home/kevencastro7/Ac6/SystemWorkbench/plugins/fr.ac6.mcu.externaltools.arm-none.linux64_1.16.0.201807130628/tools/compiler/bin/../lib/gcc/arm-none-eabi/7.2.1/../../../../arm-none-eabi/lib/thumb/v7e-m/fpv4-sp/hard/libc.a(lib_a-__call_atexit.o)
 .debug_frame   0x0000000000001b1c       0x20 /home/kevencastro7/Ac6/SystemWorkbench/plugins/fr.ac6.mcu.externaltools.arm-none.linux64_1.16.0.201807130628/tools/compiler/bin/../lib/gcc/arm-none-eabi/7.2.1/../../../../arm-none-eabi/lib/thumb/v7e-m/fpv4-sp/hard/libc.a(lib_a-atexit.o)
 .debug_frame   0x0000000000001b3c       0x88 /home/kevencastro7/Ac6/SystemWorkbench/plugins/fr.ac6.mcu.externaltools.arm-none.linux64_1.16.0.201807130628/tools/compiler/bin/../lib/gcc/arm-none-eabi/7.2.1/../../../../arm-none-eabi/lib/thumb/v7e-m/fpv4-sp/hard/libc.a(lib_a-dtoa.o)
 .debug_frame   0x0000000000001bc4       0x34 /home/kevencastro7/Ac6/SystemWorkbench/plugins/fr.ac6.mcu.externaltools.arm-none.linux64_1.16.0.201807130628/tools/compiler/bin/../lib/gcc/arm-none-eabi/7.2.1/../../../../arm-none-eabi/lib/thumb/v7e-m/fpv4-sp/hard/libc.a(lib_a-fini.o)
 .debug_frame   0x0000000000001bf8       0x40 /home/kevencastro7/Ac6/SystemWorkbench/plugins/fr.ac6.mcu.externaltools.arm-none.linux64_1.16.0.201807130628/tools/compiler/bin/../lib/gcc/arm-none-eabi/7.2.1/../../../../arm-none-eabi/lib/thumb/v7e-m/fpv4-sp/hard/libc.a(lib_a-localeconv.o)
 .debug_frame   0x0000000000001c38       0xb0 /home/kevencastro7/Ac6/SystemWorkbench/plugins/fr.ac6.mcu.externaltools.arm-none.linux64_1.16.0.201807130628/tools/compiler/bin/../lib/gcc/arm-none-eabi/7.2.1/../../../../arm-none-eabi/lib/thumb/v7e-m/fpv4-sp/hard/libc.a(lib_a-lock.o)
 .debug_frame   0x0000000000001ce8       0x54 /home/kevencastro7/Ac6/SystemWorkbench/plugins/fr.ac6.mcu.externaltools.arm-none.linux64_1.16.0.201807130628/tools/compiler/bin/../lib/gcc/arm-none-eabi/7.2.1/../../../../arm-none-eabi/lib/thumb/v7e-m/fpv4-sp/hard/libc.a(lib_a-mallocr.o)
 .debug_frame   0x0000000000001d3c       0x30 /home/kevencastro7/Ac6/SystemWorkbench/plugins/fr.ac6.mcu.externaltools.arm-none.linux64_1.16.0.201807130628/tools/compiler/bin/../lib/gcc/arm-none-eabi/7.2.1/../../../../arm-none-eabi/lib/thumb/v7e-m/fpv4-sp/hard/libc.a(lib_a-mlock.o)
 .debug_frame   0x0000000000001d6c      0x25c /home/kevencastro7/Ac6/SystemWorkbench/plugins/fr.ac6.mcu.externaltools.arm-none.linux64_1.16.0.201807130628/tools/compiler/bin/../lib/gcc/arm-none-eabi/7.2.1/../../../../arm-none-eabi/lib/thumb/v7e-m/fpv4-sp/hard/libc.a(lib_a-mprec.o)
 .debug_frame   0x0000000000001fc8       0x2c /home/kevencastro7/Ac6/SystemWorkbench/plugins/fr.ac6.mcu.externaltools.arm-none.linux64_1.16.0.201807130628/tools/compiler/bin/../lib/gcc/arm-none-eabi/7.2.1/../../../../arm-none-eabi/lib/thumb/v7e-m/fpv4-sp/hard/libc.a(lib_a-sbrkr.o)
 .debug_frame   0x0000000000001ff4       0x78 /home/kevencastro7/Ac6/SystemWorkbench/plugins/fr.ac6.mcu.externaltools.arm-none.linux64_1.16.0.201807130628/tools/compiler/bin/../lib/gcc/arm-none-eabi/7.2.1/../../../../arm-none-eabi/lib/thumb/v7e-m/fpv4-sp/hard/libc.a(lib_a-svfiprintf.o)
 .debug_frame   0x000000000000206c       0x34 /home/kevencastro7/Ac6/SystemWorkbench/plugins/fr.ac6.mcu.externaltools.arm-none.linux64_1.16.0.201807130628/tools/compiler/bin/../lib/gcc/arm-none-eabi/7.2.1/../../../../arm-none-eabi/lib/thumb/v7e-m/fpv4-sp/hard/libc.a(lib_a-__atexit.o)
 .debug_frame   0x00000000000020a0       0x28 /home/kevencastro7/Ac6/SystemWorkbench/plugins/fr.ac6.mcu.externaltools.arm-none.linux64_1.16.0.201807130628/tools/compiler/bin/../lib/gcc/arm-none-eabi/7.2.1/../../../../arm-none-eabi/lib/thumb/v7e-m/fpv4-sp/hard/libc.a(lib_a-callocr.o)
 .debug_frame   0x00000000000020c8       0x80 /home/kevencastro7/Ac6/SystemWorkbench/plugins/fr.ac6.mcu.externaltools.arm-none.linux64_1.16.0.201807130628/tools/compiler/bin/../lib/gcc/arm-none-eabi/7.2.1/../../../../arm-none-eabi/lib/thumb/v7e-m/fpv4-sp/hard/libc.a(lib_a-freer.o)
 .debug_frame   0x0000000000002148       0x6c /home/kevencastro7/Ac6/SystemWorkbench/plugins/fr.ac6.mcu.externaltools.arm-none.linux64_1.16.0.201807130628/tools/compiler/bin/../lib/gcc/arm-none-eabi/7.2.1/../../../../arm-none-eabi/lib/thumb/v7e-m/fpv4-sp/hard/libc.a(lib_a-locale.o)
 .debug_frame   0x00000000000021b4       0x4c /home/kevencastro7/Ac6/SystemWorkbench/plugins/fr.ac6.mcu.externaltools.arm-none.linux64_1.16.0.201807130628/tools/compiler/bin/../lib/gcc/arm-none-eabi/7.2.1/../../../../arm-none-eabi/lib/thumb/v7e-m/fpv4-sp/hard/libc.a(lib_a-mbtowc_r.o)
 .debug_frame   0x0000000000002200       0x40 /home/kevencastro7/Ac6/SystemWorkbench/plugins/fr.ac6.mcu.externaltools.arm-none.linux64_1.16.0.201807130628/tools/compiler/bin/../lib/gcc/arm-none-eabi/7.2.1/../../../../arm-none-eabi/lib/thumb/v7e-m/fpv4-sp/hard/libc.a(lib_a-memmove.o)
 .debug_frame   0x0000000000002240       0x58 /home/kevencastro7/Ac6/SystemWorkbench/plugins/fr.ac6.mcu.externaltools.arm-none.linux64_1.16.0.201807130628/tools/compiler/bin/../lib/gcc/arm-none-eabi/7.2.1/../../../../arm-none-eabi/lib/thumb/v7e-m/fpv4-sp/hard/libc.a(lib_a-reallocr.o)
 .debug_frame   0x0000000000002298       0x68 /home/kevencastro7/Ac6/SystemWorkbench/plugins/fr.ac6.mcu.externaltools.arm-none.linux64_1.16.0.201807130628/tools/compiler/bin/../lib/gcc/arm-none-eabi/7.2.1/../../../../arm-none-eabi/lib/thumb/v7e-m/fpv4-sp/hard/libc.a(lib_a-reent.o)
 .debug_frame   0x0000000000002300       0x3c /home/kevencastro7/Ac6/SystemWorkbench/plugins/fr.ac6.mcu.externaltools.arm-none.linux64_1.16.0.201807130628/tools/compiler/bin/../lib/gcc/arm-none-eabi/7.2.1/../../../../arm-none-eabi/lib/thumb/v7e-m/fpv4-sp/hard/libc.a(lib_a-wctomb_r.o)
 .debug_frame   0x000000000000233c       0xac /home/kevencastro7/Ac6/SystemWorkbench/plugins/fr.ac6.mcu.externaltools.arm-none.linux64_1.16.0.201807130628/tools/compiler/bin/../lib/gcc/arm-none-eabi/7.2.1/thumb/v7e-m/fpv4-sp/hard/libgcc.a(_arm_addsubdf3.o)
 .debug_frame   0x00000000000023e8       0x50 /home/kevencastro7/Ac6/SystemWorkbench/plugins/fr.ac6.mcu.externaltools.arm-none.linux64_1.16.0.201807130628/tools/compiler/bin/../lib/gcc/arm-none-eabi/7.2.1/thumb/v7e-m/fpv4-sp/hard/libgcc.a(_arm_muldivdf3.o)
 .debug_frame   0x0000000000002438       0xc4 /home/kevencastro7/Ac6/SystemWorkbench/plugins/fr.ac6.mcu.externaltools.arm-none.linux64_1.16.0.201807130628/tools/compiler/bin/../lib/gcc/arm-none-eabi/7.2.1/thumb/v7e-m/fpv4-sp/hard/libgcc.a(_arm_cmpdf2.o)
 .debug_frame   0x00000000000024fc       0x20 /home/kevencastro7/Ac6/SystemWorkbench/plugins/fr.ac6.mcu.externaltools.arm-none.linux64_1.16.0.201807130628/tools/compiler/bin/../lib/gcc/arm-none-eabi/7.2.1/thumb/v7e-m/fpv4-sp/hard/libgcc.a(_arm_unorddf2.o)
 .debug_frame   0x000000000000251c       0x24 /home/kevencastro7/Ac6/SystemWorkbench/plugins/fr.ac6.mcu.externaltools.arm-none.linux64_1.16.0.201807130628/tools/compiler/bin/../lib/gcc/arm-none-eabi/7.2.1/thumb/v7e-m/fpv4-sp/hard/libgcc.a(_arm_fixdfsi.o)
 .debug_frame   0x0000000000002540       0x2c /home/kevencastro7/Ac6/SystemWorkbench/plugins/fr.ac6.mcu.externaltools.arm-none.linux64_1.16.0.201807130628/tools/compiler/bin/../lib/gcc/arm-none-eabi/7.2.1/thumb/v7e-m/fpv4-sp/hard/libgcc.a(_aeabi_uldivmod.o)
 .debug_frame   0x000000000000256c       0x34 /home/kevencastro7/Ac6/SystemWorkbench/plugins/fr.ac6.mcu.externaltools.arm-none.linux64_1.16.0.201807130628/tools/compiler/bin/../lib/gcc/arm-none-eabi/7.2.1/thumb/v7e-m/fpv4-sp/hard/libgcc.a(_udivmoddi4.o)
